tick 0 x 98 y 0 vx 0 vy 0 ground false fuel 8 bullets 0 tiles 55 cam 0.000 hp 4 enemies 3 over false
tick 1 x 98 y 0 vx 0 vy 30 ground false fuel 8 bullets 0 tiles 55 cam 0.000 hp 4 enemies 3 over false
tick 2 x 98 y 2 vx 0 vy 60 ground false fuel 8 bullets 0 tiles 55 cam 0.000 hp 4 enemies 3 over false
tick 3 x 98 y 3 vx 0 vy 90 ground false fuel 8 bullets 0 tiles 55 cam 0.000 hp 4 enemies 3 over false
tick 4 x 98 y 5 vx 0 vy 120 ground false fuel 8 bullets 0 tiles 55 cam 0.000 hp 4 enemies 3 over false
tick 5 x 98 y 7 vx 0 vy 150 ground false fuel 8 bullets 0 tiles 55 cam 0.000 hp 4 enemies 3 over false
tick 6 x 98 y 11 vx 0 vy 180 ground false fuel 8 bullets 0 tiles 55 cam 0.000 hp 4 enemies 3 over false
tick 7 x 98 y 14 vx 0 vy 210 ground false fuel 8 bullets 0 tiles 55 cam 0.000 hp 4 enemies 3 over false
tick 8 x 98 y 18 vx 0 vy 240 ground false fuel 8 bullets 0 tiles 55 cam 0.000 hp 4 enemies 3 over false
tick 9 x 98 y 22 vx 0 vy 270 ground false fuel 8 bullets 0 tiles 55 cam 0.000 hp 4 enemies 3 over false
tick 10 x 98 y 28 vx 0 vy 300 ground false fuel 8 bullets 0 tiles 55 cam 0.000 hp 4 enemies 3 over false
tick 11 x 98 y 33 vx 0 vy 320 ground false fuel 8 bullets 0 tiles 55 cam 0.000 hp 4 enemies 3 over false
tick 12 x 98 y 38 vx 0 vy 320 ground false fuel 8 bullets 0 tiles 55 cam 0.000 hp 4 enemies 3 over false
tick 13 x 98 y 43 vx 0 vy 320 ground false fuel 8 bullets 0 tiles 55 cam 0.000 hp 4 enemies 3 over false
tick 14 x 98 y 49 vx 0 vy 320 ground false fuel 8 bullets 0 tiles 55 cam 0.000 hp 4 enemies 3 over false
tick 15 x 98 y 54 vx 0 vy 320 ground false fuel 8 bullets 0 tiles 55 cam 0.000 hp 4 enemies 3 over false
tick 16 x 98 y 59 vx 0 vy 320 ground false fuel 8 bullets 0 tiles 55 cam 0.000 hp 4 enemies 3 over false
tick 17 x 98 y 65 vx 0 vy 320 ground false fuel 8 bullets 0 tiles 55 cam 0.000 hp 4 enemies 3 over false
tick 18 x 98 y 70 vx 0 vy 320 ground false fuel 8 bullets 0 tiles 55 cam 0.000 hp 4 enemies 3 over false
tick 19 x 98 y 75 vx 0 vy 320 ground false fuel 8 bullets 0 tiles 55 cam 0.000 hp 4 enemies 3 over false
tick 20 x 98 y 81 vx 0 vy -280 ground false fuel 8 bullets 0 tiles 55 cam 0.000 hp 4 enemies 2 over false
tick 21 x 98 y 76 vx 0 vy -280 ground false fuel 8 bullets 0 tiles 55 cam 0.000 hp 4 enemies 2 over false
tick 22 x 98 y 71 vx 0 vy -280 ground false fuel 8 bullets 0 tiles 55 cam 0.000 hp 4 enemies 2 over false
tick 23 x 98 y 67 vx 0 vy -280 ground false fuel 8 bullets 0 tiles 55 cam 0.000 hp 4 enemies 2 over false
tick 24 x 98 y 62 vx 0 vy -280 ground false fuel 8 bullets 0 tiles 55 cam 0.000 hp 4 enemies 2 over false
tick 25 x 98 y 57 vx 0 vy -280 ground false fuel 8 bullets 0 tiles 55 cam 0.000 hp 4 enemies 2 over false
tick 26 x 98 y 53 vx 0 vy -280 ground false fuel 8 bullets 0 tiles 55 cam 0.000 hp 4 enemies 2 over false
tick 27 x 98 y 48 vx 0 vy -280 ground false fuel 8 bullets 0 tiles 55 cam 0.000 hp 4 enemies 2 over false
tick 28 x 98 y 43 vx 0 vy -280 ground false fuel 8 bullets 0 tiles 55 cam 0.000 hp 4 enemies 2 over false
tick 29 x 98 y 39 vx 0 vy -280 ground false fuel 8 bullets 0 tiles 55 cam 0.000 hp 4 enemies 2 over false
tick 30 x 98 y 34 vx 0 vy -280 ground false fuel 8 bullets 0 tiles 55 cam 0.000 hp 4 enemies 2 over false
tick 31 x 98 y 29 vx 0 vy -280 ground false fuel 8 bullets 0 tiles 55 cam 0.000 hp 4 enemies 2 over false
tick 32 x 98 y 25 vx 0 vy -250 ground false fuel 8 bullets 0 tiles 55 cam 0.000 hp 4 enemies 2 over false
tick 33 x 98 y 22 vx 0 vy -220 ground false fuel 8 bullets 0 tiles 55 cam 0.000 hp 4 enemies 2 over false
tick 34 x 98 y 18 vx 0 vy -190 ground false fuel 8 bullets 0 tiles 55 cam 0.000 hp 4 enemies 2 over false
tick 35 x 98 y 16 vx 0 vy -160 ground false fuel 8 bullets 0 tiles 55 cam 0.000 hp 4 enemies 2 over false
tick 36 x 98 y 14 vx 0 vy -130 ground false fuel 8 bullets 0 tiles 55 cam 0.000 hp 4 enemies 2 over false
tick 37 x 98 y 12 vx 0 vy -100 ground false fuel 8 bullets 0 tiles 55 cam 0.000 hp 4 enemies 2 over false
tick 38 x 98 y 11 vx 0 vy -70 ground false fuel 8 bullets 0 tiles 55 cam 0.000 hp 4 enemies 2 over false
tick 39 x 98 y 10 vx 0 vy -40 ground false fuel 8 bullets 0 tiles 55 cam 0.000 hp 4 enemies 2 over false
tick 40 x 98 y 10 vx 0 vy -10 ground false fuel 8 bullets 0 tiles 55 cam 0.000 hp 4 enemies 2 over false
tick 41 x 98 y 10 vx 0 vy 20 ground false fuel 8 bullets 0 tiles 55 cam 0.000 hp 4 enemies 2 over false
tick 42 x 98 y 11 vx 0 vy 50 ground false fuel 8 bullets 0 tiles 55 cam 0.000 hp 4 enemies 2 over false
tick 43 x 98 y 12 vx 0 vy 80 ground false fuel 8 bullets 0 tiles 55 cam 0.000 hp 4 enemies 2 over false
tick 44 x 98 y 14 vx 0 vy 110 ground false fuel 8 bullets 0 tiles 55 cam 0.000 hp 4 enemies 2 over false
tick 45 x 98 y 17 vx 0 vy 140 ground false fuel 8 bullets 0 tiles 55 cam 0.000 hp 4 enemies 2 over false
tick 46 x 98 y 19 vx 0 vy 170 ground false fuel 8 bullets 0 tiles 55 cam 0.000 hp 4 enemies 2 over false
tick 47 x 98 y 23 vx 0 vy 200 ground false fuel 8 bullets 0 tiles 55 cam 0.000 hp 4 enemies 2 over false
tick 48 x 98 y 27 vx 0 vy 230 ground false fuel 8 bullets 0 tiles 55 cam 0.000 hp 4 enemies 2 over false
tick 49 x 98 y 31 vx 0 vy 260 ground false fuel 8 bullets 0 tiles 55 cam 0.000 hp 4 enemies 2 over false
tick 50 x 98 y 36 vx 0 vy 290 ground false fuel 8 bullets 0 tiles 55 cam 0.000 hp 4 enemies 2 over false
tick 51 x 98 y 41 vx 0 vy 320 ground false fuel 8 bullets 0 tiles 55 cam 0.000 hp 4 enemies 2 over false
tick 52 x 98 y 46 vx 0 vy 320 ground false fuel 8 bullets 0 tiles 55 cam 0.000 hp 4 enemies 2 over false
tick 53 x 98 y 52 vx 0 vy 320 ground false fuel 8 bullets 0 tiles 55 cam 0.000 hp 4 enemies 2 over false
tick 54 x 98 y 57 vx 0 vy 320 ground false fuel 8 bullets 0 tiles 55 cam 0.000 hp 4 enemies 2 over false
tick 55 x 98 y 62 vx 0 vy 320 ground false fuel 8 bullets 0 tiles 55 cam 0.000 hp 4 enemies 2 over false
tick 56 x 98 y 68 vx 0 vy 320 ground false fuel 8 bullets 0 tiles 55 cam 0.000 hp 4 enemies 2 over false
tick 57 x 98 y 73 vx 0 vy 320 ground false fuel 8 bullets 0 tiles 55 cam 0.000 hp 4 enemies 2 over false
tick 58 x 98 y 78 vx 0 vy 320 ground false fuel 8 bullets 0 tiles 55 cam 0.000 hp 4 enemies 2 over false
tick 59 x 98 y 84 vx 0 vy 320 ground false fuel 8 bullets 0 tiles 55 cam 0.000 hp 4 enemies 2 over false
tick 60 x 98 y 89 vx 0 vy 320 ground false fuel 8 bullets 0 tiles 55 cam 0.000 hp 4 enemies 2 over false
tick 61 x 98 y 94 vx 0 vy 320 ground false fuel 8 bullets 0 tiles 55 cam 0.000 hp 4 enemies 2 over false
tick 62 x 98 y 100 vx 0 vy 320 ground false fuel 8 bullets 0 tiles 55 cam 0.000 hp 4 enemies 2 over false
tick 63 x 98 y 105 vx 0 vy 320 ground false fuel 8 bullets 0 tiles 55 cam 0.000 hp 4 enemies 2 over false
tick 64 x 98 y 110 vx 0 vy 320 ground false fuel 8 bullets 0 tiles 55 cam 0.000 hp 4 enemies 2 over false
tick 65 x 98 y 116 vx 0 vy 320 ground false fuel 8 bullets 0 tiles 55 cam 0.000 hp 4 enemies 2 over false
tick 66 x 98 y 121 vx 0 vy 320 ground false fuel 8 bullets 0 tiles 55 cam 0.000 hp 4 enemies 2 over false
tick 67 x 98 y 126 vx 0 vy 320 ground false fuel 8 bullets 0 tiles 55 cam 0.000 hp 4 enemies 2 over false
tick 68 x 98 y 132 vx 0 vy 320 ground false fuel 8 bullets 0 tiles 55 cam 0.000 hp 4 enemies 2 over false
tick 69 x 98 y 137 vx 0 vy 320 ground false fuel 8 bullets 0 tiles 55 cam 0.000 hp 4 enemies 2 over false
tick 70 x 98 y 142 vx 0 vy 320 ground false fuel 8 bullets 0 tiles 55 cam 0.000 hp 4 enemies 2 over false
tick 71 x 98 y 148 vx 0 vy 320 ground false fuel 8 bullets 0 tiles 55 cam 0.000 hp 4 enemies 2 over false
tick 72 x 98 y 153 vx 0 vy 320 ground false fuel 8 bullets 0 tiles 55 cam 0.000 hp 4 enemies 2 over false
tick 73 x 98 y 158 vx 0 vy 320 ground false fuel 8 bullets 0 tiles 55 cam 0.000 hp 4 enemies 2 over false
tick 74 x 98 y 164 vx 0 vy 320 ground false fuel 8 bullets 0 tiles 55 cam 0.000 hp 4 enemies 2 over false
tick 75 x 98 y 169 vx 0 vy 320 ground false fuel 8 bullets 0 tiles 55 cam 0.000 hp 4 enemies 2 over false
tick 76 x 98 y 174 vx 0 vy 320 ground false fuel 8 bullets 0 tiles 55 cam 0.000 hp 4 enemies 2 over false
tick 77 x 98 y 180 vx 0 vy 320 ground false fuel 8 bullets 0 tiles 55 cam 0.000 hp 4 enemies 2 over false
tick 78 x 98 y 185 vx 0 vy 320 ground false fuel 8 bullets 0 tiles 55 cam 0.000 hp 4 enemies 2 over false
tick 79 x 98 y 190 vx 0 vy 320 ground false fuel 8 bullets 0 tiles 55 cam 0.000 hp 4 enemies 2 over false
tick 80 x 98 y 196 vx 0 vy 320 ground false fuel 8 bullets 0 tiles 55 cam 0.000 hp 4 enemies 2 over false
tick 81 x 98 y 201 vx 0 vy 320 ground false fuel 8 bullets 0 tiles 55 cam 0.000 hp 4 enemies 2 over false
tick 82 x 98 y 206 vx 0 vy 320 ground false fuel 8 bullets 0 tiles 55 cam 0.000 hp 4 enemies 2 over false
tick 83 x 98 y 212 vx 0 vy -280 ground false fuel 8 bullets 0 tiles 55 cam 0.000 hp 4 enemies 1 over false
tick 84 x 98 y 207 vx 0 vy -280 ground false fuel 8 bullets 0 tiles 55 cam 0.000 hp 4 enemies 1 over false
tick 85 x 98 y 202 vx 0 vy -280 ground false fuel 8 bullets 0 tiles 55 cam 0.000 hp 4 enemies 1 over false
tick 86 x 98 y 198 vx 0 vy -280 ground false fuel 8 bullets 0 tiles 55 cam 0.000 hp 4 enemies 1 over false
tick 87 x 98 y 193 vx 0 vy -280 ground false fuel 8 bullets 0 tiles 55 cam 0.000 hp 4 enemies 1 over false
tick 88 x 98 y 188 vx 0 vy -280 ground false fuel 8 bullets 0 tiles 55 cam 0.000 hp 4 enemies 1 over false
tick 89 x 98 y 184 vx 0 vy -280 ground false fuel 8 bullets 0 tiles 55 cam 0.000 hp 4 enemies 1 over false
tick 90 x 98 y 179 vx 0 vy -280 ground false fuel 8 bullets 0 tiles 55 cam 0.000 hp 4 enemies 1 over false
tick 91 x 98 y 174 vx 0 vy -280 ground false fuel 8 bullets 0 tiles 55 cam 0.000 hp 4 enemies 1 over false
tick 92 x 98 y 170 vx 0 vy -280 ground false fuel 8 bullets 0 tiles 55 cam 0.000 hp 4 enemies 1 over false
tick 93 x 98 y 165 vx 0 vy -280 ground false fuel 8 bullets 0 tiles 55 cam 0.000 hp 4 enemies 1 over false
tick 94 x 98 y 160 vx 0 vy -280 ground false fuel 8 bullets 0 tiles 55 cam 0.000 hp 4 enemies 1 over false
tick 95 x 98 y 156 vx 0 vy -250 ground false fuel 8 bullets 0 tiles 55 cam 0.000 hp 4 enemies 1 over false
tick 96 x 98 y 153 vx 0 vy -220 ground false fuel 8 bullets 0 tiles 55 cam 0.000 hp 4 enemies 1 over false
tick 97 x 98 y 149 vx 0 vy -190 ground false fuel 8 bullets 0 tiles 55 cam 0.000 hp 4 enemies 1 over false
tick 98 x 98 y 147 vx 0 vy -160 ground false fuel 8 bullets 0 tiles 55 cam 0.000 hp 4 enemies 1 over false
tick 99 x 98 y 145 vx 0 vy -130 ground false fuel 8 bullets 0 tiles 55 cam 0.000 hp 4 enemies 1 over false
tick 100 x 98 y 143 vx 0 vy -100 ground false fuel 8 bullets 0 tiles 55 cam 0.000 hp 4 enemies 1 over false
tick 101 x 98 y 142 vx 0 vy -70 ground false fuel 8 bullets 0 tiles 55 cam 0.000 hp 4 enemies 1 over false
tick 102 x 98 y 141 vx 0 vy -40 ground false fuel 8 bullets 0 tiles 55 cam 0.000 hp 4 enemies 1 over false
tick 103 x 98 y 141 vx 0 vy -10 ground false fuel 8 bullets 0 tiles 55 cam 0.000 hp 4 enemies 1 over false
tick 104 x 98 y 141 vx 0 vy 20 ground false fuel 8 bullets 0 tiles 55 cam 0.000 hp 4 enemies 1 over false
tick 105 x 98 y 142 vx 0 vy 50 ground false fuel 8 bullets 0 tiles 55 cam 0.000 hp 4 enemies 1 over false
tick 106 x 98 y 143 vx 0 vy 80 ground false fuel 8 bullets 0 tiles 55 cam 0.000 hp 4 enemies 1 over false
tick 107 x 98 y 145 vx 0 vy 110 ground false fuel 8 bullets 0 tiles 55 cam 0.000 hp 4 enemies 1 over false
tick 108 x 98 y 148 vx 0 vy 140 ground false fuel 8 bullets 0 tiles 55 cam 0.000 hp 4 enemies 1 over false
tick 109 x 98 y 150 vx 0 vy 170 ground false fuel 8 bullets 0 tiles 55 cam 0.000 hp 4 enemies 1 over false
tick 110 x 98 y 154 vx 0 vy 200 ground false fuel 8 bullets 0 tiles 55 cam 0.000 hp 4 enemies 1 over false
tick 111 x 98 y 158 vx 0 vy 230 ground false fuel 8 bullets 0 tiles 55 cam 0.000 hp 4 enemies 1 over false
tick 112 x 98 y 162 vx 0 vy 260 ground false fuel 8 bullets 0 tiles 55 cam 0.000 hp 4 enemies 1 over false
tick 113 x 98 y 167 vx 0 vy 290 ground false fuel 8 bullets 0 tiles 55 cam 0.000 hp 4 enemies 1 over false
tick 114 x 98 y 172 vx 0 vy 320 ground false fuel 8 bullets 0 tiles 55 cam 0.000 hp 4 enemies 1 over false
tick 115 x 98 y 177 vx 0 vy 320 ground false fuel 8 bullets 0 tiles 55 cam 0.000 hp 4 enemies 1 over false
tick 116 x 98 y 183 vx 0 vy 320 ground false fuel 8 bullets 0 tiles 55 cam 0.000 hp 4 enemies 1 over false
tick 117 x 98 y 188 vx 0 vy 320 ground false fuel 8 bullets 0 tiles 55 cam 0.000 hp 4 enemies 1 over false
tick 118 x 98 y 193 vx 0 vy 320 ground false fuel 8 bullets 0 tiles 55 cam 0.000 hp 4 enemies 1 over false
tick 119 x 98 y 199 vx 0 vy 320 ground false fuel 8 bullets 0 tiles 55 cam 0.000 hp 4 enemies 1 over false
tick 120 x 98 y 204 vx 0 vy 320 ground false fuel 8 bullets 0 tiles 55 cam 0.000 hp 4 enemies 1 over false
tick 121 x 98 y 209 vx 0 vy 320 ground false fuel 8 bullets 0 tiles 55 cam 0.000 hp 4 enemies 1 over false
tick 122 x 98 y 215 vx 0 vy 320 ground false fuel 8 bullets 0 tiles 55 cam 0.000 hp 4 enemies 1 over false
tick 123 x 98 y 220 vx 0 vy 320 ground false fuel 8 bullets 0 tiles 55 cam 0.000 hp 4 enemies 1 over false
tick 124 x 98 y 225 vx 0 vy 320 ground false fuel 8 bullets 0 tiles 55 cam 0.000 hp 4 enemies 1 over false
tick 125 x 98 y 231 vx 0 vy 320 ground false fuel 8 bullets 0 tiles 55 cam 0.000 hp 4 enemies 1 over false
tick 126 x 98 y 236 vx 0 vy 320 ground false fuel 8 bullets 0 tiles 55 cam 0.000 hp 4 enemies 1 over false
tick 127 x 98 y 241 vx 0 vy 320 ground false fuel 8 bullets 0 tiles 55 cam 0.000 hp 4 enemies 1 over false
tick 128 x 98 y 247 vx 0 vy 320 ground false fuel 8 bullets 0 tiles 55 cam 0.000 hp 4 enemies 1 over false
tick 129 x 98 y 252 vx 0 vy 320 ground false fuel 8 bullets 0 tiles 55 cam 0.000 hp 4 enemies 1 over false
tick 130 x 98 y 257 vx 0 vy 320 ground false fuel 8 bullets 0 tiles 55 cam 0.000 hp 4 enemies 1 over false
tick 131 x 98 y 263 vx 0 vy 320 ground false fuel 8 bullets 0 tiles 55 cam 0.000 hp 4 enemies 1 over false
tick 132 x 98 y 268 vx 0 vy 320 ground false fuel 8 bullets 0 tiles 55 cam 0.000 hp 4 enemies 1 over false
tick 133 x 98 y 273 vx 0 vy 320 ground false fuel 8 bullets 0 tiles 55 cam 0.000 hp 4 enemies 1 over false
tick 134 x 98 y 279 vx 0 vy 320 ground false fuel 8 bullets 0 tiles 55 cam 0.000 hp 4 enemies 1 over false
tick 135 x 98 y 284 vx 0 vy 320 ground false fuel 8 bullets 0 tiles 55 cam 0.000 hp 4 enemies 1 over false
tick 136 x 98 y 289 vx 0 vy 320 ground false fuel 8 bullets 0 tiles 55 cam 0.000 hp 4 enemies 1 over false
tick 137 x 98 y 295 vx 0 vy 320 ground false fuel 8 bullets 0 tiles 55 cam 0.000 hp 4 enemies 1 over false
tick 138 x 98 y 300 vx 0 vy 320 ground false fuel 8 bullets 0 tiles 55 cam 0.000 hp 4 enemies 1 over false
tick 139 x 98 y 305 vx 0 vy 320 ground false fuel 8 bullets 0 tiles 55 cam 0.000 hp 4 enemies 1 over false
tick 140 x 98 y 311 vx 0 vy 320 ground false fuel 8 bullets 0 tiles 55 cam 0.000 hp 4 enemies 1 over false
tick 141 x 98 y 316 vx 0 vy 320 ground true fuel 8 bullets 0 tiles 55 cam 0.000 hp 4 enemies 1 over false
tick 142 x 98 y 316 vx 0 vy 0 ground true fuel 8 bullets 0 tiles 55 cam 0.000 hp 4 enemies 1 over false
tick 143 x 98 y 316 vx 0 vy 0 ground true fuel 8 bullets 0 tiles 55 cam 0.000 hp 4 enemies 1 over false
tick 144 x 98 y 316 vx 0 vy 0 ground true fuel 8 bullets 0 tiles 55 cam 0.000 hp 4 enemies 1 over false
tick 145 x 98 y 316 vx 0 vy 0 ground true fuel 8 bullets 0 tiles 55 cam 0.000 hp 4 enemies 1 over false
tick 146 x 98 y 316 vx 0 vy 0 ground true fuel 8 bullets 0 tiles 55 cam 0.000 hp 4 enemies 1 over false
tick 147 x 98 y 316 vx 0 vy 0 ground true fuel 8 bullets 0 tiles 55 cam 0.000 hp 4 enemies 1 over false
tick 148 x 98 y 316 vx 0 vy 0 ground true fuel 8 bullets 0 tiles 55 cam 0.000 hp 4 enemies 1 over false
tick 149 x 98 y 316 vx 0 vy 0 ground true fuel 8 bullets 0 tiles 55 cam 0.000 hp 4 enemies 1 over false
tick 150 x 98 y 316 vx 0 vy 0 ground true fuel 8 bullets 0 tiles 55 cam 0.000 hp 4 enemies 1 over false
tick 151 x 98 y 316 vx 0 vy 0 ground true fuel 8 bullets 0 tiles 55 cam 0.000 hp 4 enemies 1 over false
tick 152 x 98 y 316 vx 0 vy 0 ground true fuel 8 bullets 0 tiles 55 cam 0.000 hp 4 enemies 1 over false
tick 153 x 98 y 316 vx 0 vy 0 ground true fuel 8 bullets 0 tiles 55 cam 0.000 hp 4 enemies 1 over false
tick 154 x 98 y 316 vx 0 vy 0 ground true fuel 8 bullets 0 tiles 55 cam 0.000 hp 4 enemies 1 over false
tick 155 x 98 y 316 vx 0 vy 0 ground true fuel 8 bullets 0 tiles 55 cam 0.000 hp 4 enemies 1 over false
tick 156 x 98 y 316 vx 0 vy 0 ground true fuel 8 bullets 0 tiles 55 cam 0.000 hp 4 enemies 1 over false
tick 157 x 98 y 316 vx 0 vy 0 ground true fuel 8 bullets 0 tiles 55 cam 0.000 hp 4 enemies 1 over false
tick 158 x 98 y 316 vx 0 vy 0 ground true fuel 8 bullets 0 tiles 55 cam 0.000 hp 4 enemies 1 over false
tick 159 x 98 y 316 vx 0 vy 0 ground true fuel 8 bullets 0 tiles 55 cam 0.000 hp 4 enemies 1 over false
tick 160 x 98 y 316 vx 0 vy 0 ground true fuel 8 bullets 0 tiles 55 cam 0.000 hp 4 enemies 1 over false
tick 161 x 99 y 316 vx 33.333333333333336 vy 0 ground true fuel 8 bullets 0 tiles 55 cam 0.000 hp 4 enemies 1 over false
tick 162 x 100 y 316 vx 66.66666666666667 vy 0 ground true fuel 8 bullets 0 tiles 55 cam 0.000 hp 4 enemies 1 over false
tick 163 x 101 y 316 vx 100 vy 0 ground true fuel 8 bullets 0 tiles 55 cam 0.000 hp 4 enemies 1 over false
tick 164 x 104 y 316 vx 133.33333333333334 vy 0 ground true fuel 8 bullets 0 tiles 55 cam 0.000 hp 4 enemies 1 over false
tick 165 x 106 y 316 vx 166.66666666666669 vy 0 ground true fuel 8 bullets 0 tiles 55 cam 0.000 hp 4 enemies 1 over false
tick 166 x 109 y 316 vx 180 vy 0 ground true fuel 8 bullets 0 tiles 55 cam 0.000 hp 4 enemies 1 over false
tick 167 x 112 y 316 vx 180 vy 0 ground true fuel 8 bullets 0 tiles 55 cam 0.000 hp 4 enemies 1 over false
tick 168 x 115 y 316 vx 180 vy 0 ground true fuel 8 bullets 0 tiles 55 cam 0.000 hp 4 enemies 1 over false
tick 169 x 118 y 316 vx 180 vy 0 ground true fuel 8 bullets 0 tiles 55 cam 0.000 hp 4 enemies 1 over false
tick 170 x 121 y 316 vx 180 vy 0 ground true fuel 8 bullets 0 tiles 55 cam 0.000 hp 4 enemies 1 over false
tick 171 x 124 y 316 vx 180 vy 0 ground true fuel 8 bullets 0 tiles 55 cam 0.000 hp 4 enemies 1 over false
tick 172 x 127 y 316 vx 180 vy 0 ground true fuel 8 bullets 0 tiles 55 cam 0.000 hp 4 enemies 1 over false
tick 173 x 130 y 316 vx 180 vy 0 ground true fuel 8 bullets 0 tiles 55 cam 0.000 hp 4 enemies 1 over false
tick 174 x 133 y 316 vx 180 vy 0 ground true fuel 8 bullets 0 tiles 55 cam 0.000 hp 4 enemies 1 over false
tick 175 x 136 y 316 vx -120 vy -240 ground true fuel 8 bullets 0 tiles 55 cam 0.000 hp 3 enemies 1 over false
tick 176 x 135 y 312 vx -98.33333333333333 vy -210 ground false fuel 8 bullets 0 tiles 55 cam 0.000 hp 3 enemies 1 over false
tick 177 x 133 y 310 vx -76.66666666666666 vy -180 ground false fuel 8 bullets 0 tiles 55 cam 0.000 hp 3 enemies 1 over false
tick 178 x 133 y 307 vx -54.999999999999986 vy -150 ground false fuel 8 bullets 0 tiles 55 cam 0.000 hp 3 enemies 1 over false
tick 179 x 132 y 305 vx -33.333333333333314 vy -120 ground false fuel 8 bullets 0 tiles 55 cam 0.000 hp 3 enemies 1 over false
tick 180 x 132 y 303 vx -11.666666666666647 vy -90 ground false fuel 8 bullets 0 tiles 55 cam 0.000 hp 3 enemies 1 over false
tick 181 x 132 y 303 vx 10.000000000000021 vy -60 ground false fuel 8 bullets 0 tiles 55 cam 0.000 hp 3 enemies 1 over false
tick 182 x 132 y 302 vx 31.66666666666669 vy -30 ground false fuel 8 bullets 0 tiles 55 cam 0.000 hp 3 enemies 1 over false
tick 183 x 133 y 302 vx 53.33333333333336 vy 0 ground false fuel 8 bullets 0 tiles 55 cam 0.000 hp 3 enemies 1 over false
tick 184 x 135 y 302 vx 75.00000000000003 vy 30 ground false fuel 8 bullets 0 tiles 55 cam 0.000 hp 3 enemies 1 over false
tick 185 x 136 y 304 vx 96.6666666666667 vy 60 ground false fuel 8 bullets 0 tiles 55 cam 0.000 hp 3 enemies 1 over false
tick 186 x 138 y 305 vx 118.33333333333337 vy 90 ground false fuel 8 bullets 0 tiles 55 cam 0.000 hp 3 enemies 1 over false
tick 187 x 141 y 307 vx 140.00000000000003 vy 120 ground false fuel 8 bullets 0 tiles 55 cam 0.000 hp 3 enemies 1 over false
tick 188 x 143 y 309 vx 161.66666666666669 vy 150 ground false fuel 8 bullets 0 tiles 55 cam 0.000 hp 3 enemies 1 over false
tick 189 x 146 y 313 vx 180 vy 180 ground false fuel 8 bullets 0 tiles 55 cam 0.000 hp 3 enemies 1 over false
tick 190 x 149 y 316 vx 180 vy 210 ground true fuel 8 bullets 0 tiles 55 cam 0.000 hp 3 enemies 1 over false
tick 191 x 152 y 316 vx 180 vy 0 ground true fuel 8 bullets 0 tiles 55 cam 0.000 hp 3 enemies 1 over false
tick 192 x 155 y 316 vx 180 vy 0 ground true fuel 8 bullets 0 tiles 55 cam 0.000 hp 3 enemies 1 over false
tick 193 x 158 y 316 vx 180 vy 0 ground true fuel 8 bullets 0 tiles 55 cam 0.000 hp 3 enemies 1 over false
tick 194 x 161 y 316 vx 180 vy 0 ground true fuel 8 bullets 0 tiles 55 cam 0.000 hp 3 enemies 1 over false
tick 195 x 164 y 316 vx 180 vy 0 ground true fuel 8 bullets 0 tiles 55 cam 0.000 hp 3 enemies 1 over false
tick 196 x 167 y 316 vx 180 vy 0 ground true fuel 8 bullets 0 tiles 55 cam 0.000 hp 3 enemies 1 over false
tick 197 x 170 y 316 vx 180 vy 0 ground true fuel 8 bullets 0 tiles 55 cam 0.000 hp 3 enemies 1 over false
tick 198 x 173 y 316 vx 180 vy 0 ground true fuel 8 bullets 0 tiles 55 cam 0.000 hp 3 enemies 1 over false
tick 199 x 176 y 316 vx 180 vy 0 ground true fuel 8 bullets 0 tiles 55 cam 0.000 hp 3 enemies 1 over false
tick 200 x 179 y 316 vx 180 vy 0 ground true fuel 8 bullets 0 tiles 55 cam 0.000 hp 3 enemies 1 over false
tick 201 x 180 y 316 vx 0 vy 0 ground true fuel 8 bullets 0 tiles 55 cam 0.000 hp 3 enemies 1 over false
tick 202 x 180 y 316 vx 0 vy 0 ground true fuel 8 bullets 0 tiles 55 cam 0.000 hp 3 enemies 1 over false
tick 203 x 180 y 316 vx 0 vy 0 ground true fuel 8 bullets 0 tiles 55 cam 0.000 hp 3 enemies 1 over false
tick 204 x 180 y 316 vx 0 vy 0 ground true fuel 8 bullets 0 tiles 55 cam 0.000 hp 3 enemies 1 over false
tick 205 x 180 y 316 vx 0 vy 0 ground true fuel 8 bullets 0 tiles 55 cam 0.000 hp 3 enemies 1 over false
tick 206 x 180 y 316 vx 0 vy 0 ground true fuel 8 bullets 0 tiles 55 cam 0.000 hp 3 enemies 1 over false
tick 207 x 180 y 316 vx 0 vy 0 ground true fuel 8 bullets 0 tiles 55 cam 0.000 hp 3 enemies 1 over false
tick 208 x 180 y 316 vx 0 vy 0 ground true fuel 8 bullets 0 tiles 55 cam 0.000 hp 3 enemies 1 over false
tick 209 x 180 y 316 vx 0 vy 0 ground true fuel 8 bullets 0 tiles 55 cam 0.000 hp 3 enemies 1 over false
tick 210 x 180 y 316 vx 0 vy 0 ground true fuel 8 bullets 0 tiles 55 cam 0.000 hp 3 enemies 1 over false
tick 211 x 180 y 316 vx 0 vy 0 ground true fuel 8 bullets 0 tiles 55 cam 0.000 hp 3 enemies 1 over false
tick 212 x 180 y 316 vx 0 vy 0 ground true fuel 8 bullets 0 tiles 55 cam 0.000 hp 3 enemies 1 over false
tick 213 x 180 y 316 vx 0 vy 0 ground true fuel 8 bullets 0 tiles 55 cam 0.000 hp 3 enemies 1 over false
tick 214 x 180 y 316 vx 0 vy 0 ground true fuel 8 bullets 0 tiles 55 cam 0.000 hp 3 enemies 1 over false
tick 215 x 180 y 316 vx 0 vy 0 ground true fuel 8 bullets 0 tiles 55 cam 0.000 hp 3 enemies 1 over false
tick 216 x 180 y 316 vx 0 vy 0 ground true fuel 8 bullets 0 tiles 55 cam 0.000 hp 3 enemies 1 over false
tick 217 x 180 y 316 vx 0 vy 0 ground true fuel 8 bullets 0 tiles 55 cam 0.000 hp 3 enemies 1 over false
tick 218 x 180 y 316 vx 0 vy 0 ground true fuel 8 bullets 0 tiles 55 cam 0.000 hp 3 enemies 1 over false
tick 219 x 180 y 316 vx 0 vy 0 ground true fuel 8 bullets 0 tiles 55 cam 0.000 hp 3 enemies 1 over false
tick 220 x 180 y 316 vx 0 vy 0 ground true fuel 8 bullets 0 tiles 55 cam 0.000 hp 3 enemies 1 over false
tick 221 x 180 y 316 vx 0 vy 0 ground true fuel 8 bullets 0 tiles 55 cam 0.000 hp 3 enemies 1 over false
tick 222 x 180 y 316 vx 0 vy 0 ground true fuel 8 bullets 0 tiles 55 cam 0.000 hp 3 enemies 1 over false
tick 223 x 180 y 316 vx 0 vy 0 ground true fuel 8 bullets 0 tiles 55 cam 0.000 hp 3 enemies 1 over false
tick 224 x 180 y 316 vx 0 vy 0 ground true fuel 8 bullets 0 tiles 55 cam 0.000 hp 3 enemies 1 over false
tick 225 x 180 y 316 vx 0 vy 0 ground true fuel 8 bullets 0 tiles 55 cam 0.000 hp 3 enemies 1 over false
tick 226 x 180 y 316 vx 0 vy 0 ground true fuel 8 bullets 0 tiles 55 cam 0.000 hp 3 enemies 1 over false
tick 227 x 180 y 316 vx 0 vy 0 ground true fuel 8 bullets 0 tiles 55 cam 0.000 hp 3 enemies 1 over false
tick 228 x 180 y 316 vx 0 vy 0 ground true fuel 8 bullets 0 tiles 55 cam 0.000 hp 3 enemies 1 over false
tick 229 x 180 y 316 vx 0 vy 0 ground true fuel 8 bullets 0 tiles 55 cam 0.000 hp 3 enemies 1 over false
tick 230 x 180 y 316 vx 0 vy 0 ground true fuel 8 bullets 0 tiles 55 cam 0.000 hp 3 enemies 1 over false
tick 231 x 180 y 316 vx 0 vy 0 ground true fuel 8 bullets 0 tiles 55 cam 0.000 hp 3 enemies 1 over false
tick 232 x 180 y 316 vx 0 vy 0 ground true fuel 8 bullets 0 tiles 55 cam 0.000 hp 3 enemies 1 over false
tick 233 x 180 y 316 vx 0 vy 0 ground true fuel 8 bullets 0 tiles 55 cam 0.000 hp 3 enemies 1 over false
tick 234 x 180 y 316 vx 0 vy 0 ground true fuel 8 bullets 0 tiles 55 cam 0.000 hp 3 enemies 1 over false
tick 235 x 180 y 316 vx 0 vy 0 ground true fuel 8 bullets 0 tiles 55 cam 0.000 hp 3 enemies 1 over false
tick 236 x 180 y 316 vx 0 vy 0 ground true fuel 8 bullets 0 tiles 55 cam 0.000 hp 3 enemies 1 over false
tick 237 x 180 y 316 vx 0 vy 0 ground true fuel 8 bullets 0 tiles 55 cam 0.000 hp 3 enemies 1 over false
tick 238 x 180 y 316 vx 0 vy 0 ground true fuel 8 bullets 0 tiles 55 cam 0.000 hp 3 enemies 1 over false
tick 239 x 180 y 316 vx 0 vy 0 ground true fuel 8 bullets 0 tiles 55 cam 0.000 hp 3 enemies 1 over false
tick 240 x 180 y 316 vx 0 vy 0 ground true fuel 8 bullets 0 tiles 55 cam 0.000 hp 3 enemies 1 over false
tick 241 x 180 y 316 vx 0 vy 0 ground true fuel 8 bullets 0 tiles 55 cam 0.000 hp 3 enemies 1 over false
tick 242 x 180 y 316 vx 0 vy 0 ground true fuel 8 bullets 0 tiles 55 cam 0.000 hp 3 enemies 1 over false
tick 243 x 180 y 316 vx 0 vy 0 ground true fuel 8 bullets 0 tiles 55 cam 0.000 hp 3 enemies 1 over false
tick 244 x 180 y 316 vx 0 vy 0 ground true fuel 8 bullets 0 tiles 55 cam 0.000 hp 3 enemies 1 over false
tick 245 x 180 y 316 vx 0 vy 0 ground true fuel 8 bullets 0 tiles 55 cam 0.000 hp 3 enemies 1 over false
tick 246 x 180 y 316 vx 0 vy 0 ground true fuel 8 bullets 0 tiles 55 cam 0.000 hp 3 enemies 1 over false
tick 247 x 180 y 316 vx 0 vy 0 ground true fuel 8 bullets 0 tiles 55 cam 0.000 hp 3 enemies 1 over false
tick 248 x 180 y 316 vx 0 vy 0 ground true fuel 8 bullets 0 tiles 55 cam 0.000 hp 3 enemies 1 over false
tick 249 x 180 y 316 vx 0 vy 0 ground true fuel 8 bullets 0 tiles 55 cam 0.000 hp 3 enemies 1 over false
tick 250 x 180 y 316 vx 0 vy 0 ground true fuel 8 bullets 0 tiles 55 cam 0.000 hp 3 enemies 1 over false
tick 251 x 180 y 316 vx 0 vy 0 ground true fuel 8 bullets 0 tiles 55 cam 0.000 hp 3 enemies 1 over false
tick 252 x 180 y 316 vx 0 vy 0 ground true fuel 8 bullets 0 tiles 55 cam 0.000 hp 3 enemies 1 over false
tick 253 x 180 y 316 vx 0 vy 0 ground true fuel 8 bullets 0 tiles 55 cam 0.000 hp 3 enemies 1 over false
tick 254 x 180 y 316 vx 0 vy 0 ground true fuel 8 bullets 0 tiles 55 cam 0.000 hp 3 enemies 1 over false
tick 255 x 180 y 316 vx 0 vy 0 ground true fuel 8 bullets 0 tiles 55 cam 0.000 hp 3 enemies 1 over false
tick 256 x 180 y 316 vx 0 vy 0 ground true fuel 8 bullets 0 tiles 55 cam 0.000 hp 3 enemies 1 over false
tick 257 x 180 y 316 vx 0 vy 0 ground true fuel 8 bullets 0 tiles 55 cam 0.000 hp 3 enemies 1 over false
tick 258 x 180 y 316 vx 0 vy 0 ground true fuel 8 bullets 0 tiles 55 cam 0.000 hp 3 enemies 1 over false
tick 259 x 180 y 316 vx 0 vy 0 ground true fuel 8 bullets 0 tiles 55 cam 0.000 hp 3 enemies 1 over false
tick 260 x 180 y 316 vx 0 vy 0 ground true fuel 8 bullets 0 tiles 55 cam 0.000 hp 3 enemies 1 over false
tick 261 x 179 y 312 vx -33.333333333333336 vy -210 ground false fuel 8 bullets 0 tiles 55 cam 0.000 hp 3 enemies 1 over false
tick 262 x 179 y 309 vx -55 vy -210 ground false fuel 8 bullets 0 tiles 55 cam 0.000 hp 3 enemies 1 over false
tick 263 x 177 y 305 vx -76.66666666666667 vy -210 ground false fuel 8 bullets 0 tiles 55 cam 0.000 hp 3 enemies 1 over false
tick 264 x 176 y 302 vx -98.33333333333334 vy -210 ground false fuel 8 bullets 0 tiles 55 cam 0.000 hp 3 enemies 1 over false
tick 265 x 174 y 298 vx -120.00000000000001 vy -210 ground false fuel 8 bullets 0 tiles 55 cam 0.000 hp 3 enemies 1 over false
tick 266 x 171 y 295 vx -141.66666666666669 vy -210 ground false fuel 8 bullets 0 tiles 55 cam 0.000 hp 3 enemies 1 over false
tick 267 x 169 y 292 vx -163.33333333333334 vy -180 ground false fuel 8 bullets 0 tiles 55 cam 0.000 hp 3 enemies 1 over false
tick 268 x 166 y 290 vx -180 vy -150 ground false fuel 8 bullets 0 tiles 55 cam 0.000 hp 3 enemies 1 over false
tick 269 x 163 y 288 vx -180 vy -120 ground false fuel 8 bullets 0 tiles 55 cam 0.000 hp 3 enemies 1 over false
tick 270 x 160 y 286 vx -180 vy -90 ground false fuel 8 bullets 0 tiles 55 cam 0.000 hp 3 enemies 1 over false
tick 271 x 157 y 285 vx -158.33333333333334 vy -60 ground false fuel 8 bullets 0 tiles 55 cam 0.000 hp 3 enemies 1 over false
tick 272 x 155 y 281 vx -136.66666666666669 vy -240 ground false fuel 7 bullets 1 tiles 55 cam 0.000 hp 3 enemies 1 over false
tick 273 x 153 y 277 vx -115.00000000000001 vy -210 ground false fuel 7 bullets 1 tiles 55 cam 0.000 hp 3 enemies 1 over false
tick 274 x 151 y 275 vx -93.33333333333334 vy -180 ground false fuel 7 bullets 1 tiles 55 cam 0.000 hp 3 enemies 1 over false
tick 275 x 150 y 272 vx -71.66666666666667 vy -150 ground false fuel 7 bullets 1 tiles 55 cam 0.000 hp 3 enemies 1 over false
tick 276 x 149 y 270 vx -50 vy -120 ground false fuel 7 bullets 0 tiles 55 cam 0.000 hp 3 enemies 1 over false
tick 277 x 149 y 268 vx -28.333333333333332 vy -90 ground false fuel 7 bullets 0 tiles 55 cam 0.000 hp 3 enemies 1 over false
tick 278 x 149 y 264 vx -6.666666666666664 vy -240 ground false fuel 6 bullets 1 tiles 55 cam 0.000 hp 3 enemies 1 over false
tick 279 x 149 y 261 vx 0 vy -210 ground false fuel 6 bullets 1 tiles 55 cam 0.000 hp 3 enemies 1 over false
tick 280 x 149 y 258 vx 0 vy -180 ground false fuel 6 bullets 1 tiles 55 cam 0.000 hp 3 enemies 1 over false
tick 281 x 149 y 256 vx 0 vy -150 ground false fuel 6 bullets 1 tiles 55 cam 0.000 hp 3 enemies 1 over false
tick 282 x 149 y 254 vx 0 vy -120 ground false fuel 6 bullets 0 tiles 55 cam 0.000 hp 3 enemies 1 over false
tick 283 x 149 y 252 vx 0 vy -90 ground false fuel 6 bullets 0 tiles 55 cam 0.000 hp 3 enemies 1 over false
tick 284 x 149 y 248 vx 0 vy -240 ground false fuel 5 bullets 1 tiles 55 cam 0.000 hp 3 enemies 1 over false
tick 285 x 149 y 244 vx 0 vy -210 ground false fuel 5 bullets 1 tiles 55 cam 0.000 hp 3 enemies 1 over false
tick 286 x 149 y 242 vx 0 vy -180 ground false fuel 5 bullets 1 tiles 55 cam 0.000 hp 3 enemies 1 over false
tick 287 x 149 y 239 vx 0 vy -150 ground false fuel 5 bullets 1 tiles 55 cam 0.000 hp 3 enemies 1 over false
tick 288 x 149 y 237 vx 0 vy -120 ground false fuel 5 bullets 1 tiles 55 cam 0.000 hp 3 enemies 1 over false
tick 289 x 149 y 235 vx 0 vy -90 ground false fuel 5 bullets 1 tiles 55 cam 0.000 hp 3 enemies 1 over false
tick 290 x 149 y 231 vx 0 vy -240 ground false fuel 4 bullets 1 tiles 55 cam 0.000 hp 3 enemies 1 over false
tick 291 x 149 y 228 vx 0 vy -210 ground false fuel 4 bullets 1 tiles 55 cam 0.000 hp 3 enemies 1 over false
tick 292 x 149 y 225 vx 0 vy -180 ground false fuel 4 bullets 1 tiles 55 cam 0.000 hp 3 enemies 1 over false
tick 293 x 149 y 223 vx 0 vy -150 ground false fuel 4 bullets 1 tiles 55 cam 0.000 hp 3 enemies 1 over false
tick 294 x 149 y 221 vx 0 vy -120 ground false fuel 4 bullets 1 tiles 55 cam 0.000 hp 3 enemies 1 over false
tick 295 x 149 y 219 vx 0 vy -90 ground false fuel 4 bullets 1 tiles 55 cam 0.000 hp 3 enemies 1 over false
tick 296 x 149 y 215 vx 0 vy -240 ground false fuel 3 bullets 2 tiles 55 cam 0.000 hp 3 enemies 1 over false
tick 297 x 149 y 211 vx 0 vy -210 ground false fuel 3 bullets 2 tiles 55 cam 0.000 hp 3 enemies 1 over false
tick 298 x 149 y 209 vx 0 vy -180 ground false fuel 3 bullets 1 tiles 55 cam 0.000 hp 3 enemies 0 over false
tick 299 x 149 y 206 vx 0 vy -150 ground false fuel 3 bullets 1 tiles 55 cam 0.000 hp 3 enemies 0 over false
tick 300 x 149 y 204 vx 0 vy -120 ground false fuel 3 bullets 1 tiles 55 cam 0.000 hp 3 enemies 0 over false
tick 301 x 149 y 202 vx 0 vy -90 ground false fuel 3 bullets 1 tiles 55 cam 0.000 hp 3 enemies 0 over false
tick 302 x 149 y 198 vx 0 vy -240 ground false fuel 2 bullets 2 tiles 55 cam 0.000 hp 3 enemies 0 over false
tick 303 x 149 y 195 vx 0 vy -210 ground false fuel 2 bullets 2 tiles 55 cam 0.000 hp 3 enemies 0 over false
tick 304 x 149 y 192 vx 0 vy -180 ground false fuel 2 bullets 2 tiles 55 cam 0.000 hp 3 enemies 0 over false
tick 305 x 149 y 190 vx 0 vy -150 ground false fuel 2 bullets 2 tiles 55 cam 0.000 hp 3 enemies 0 over false
tick 306 x 149 y 188 vx 0 vy -120 ground false fuel 2 bullets 2 tiles 55 cam 0.000 hp 3 enemies 0 over false
tick 307 x 149 y 186 vx 0 vy -90 ground false fuel 2 bullets 2 tiles 55 cam 0.000 hp 3 enemies 0 over false
tick 308 x 149 y 182 vx 0 vy -240 ground false fuel 1 bullets 2 tiles 55 cam 0.000 hp 3 enemies 0 over false
tick 309 x 149 y 178 vx 0 vy -210 ground false fuel 1 bullets 2 tiles 55 cam 0.000 hp 3 enemies 0 over false
tick 310 x 149 y 176 vx 0 vy -180 ground false fuel 1 bullets 2 tiles 55 cam 0.000 hp 3 enemies 0 over false
tick 311 x 149 y 173 vx 0 vy -150 ground false fuel 1 bullets 2 tiles 55 cam 0.000 hp 3 enemies 0 over false
tick 312 x 149 y 171 vx 0 vy -120 ground false fuel 1 bullets 2 tiles 55 cam 0.000 hp 3 enemies 0 over false
tick 313 x 149 y 169 vx 0 vy -90 ground false fuel 1 bullets 2 tiles 55 cam 0.000 hp 3 enemies 0 over false
tick 314 x 149 y 165 vx 0 vy -240 ground false fuel 0 bullets 3 tiles 55 cam 0.000 hp 3 enemies 0 over false
tick 315 x 149 y 162 vx 0 vy -210 ground false fuel 0 bullets 2 tiles 55 cam 0.000 hp 3 enemies 0 over false
tick 316 x 149 y 159 vx 0 vy -180 ground false fuel 0 bullets 2 tiles 55 cam 0.000 hp 3 enemies 0 over false
tick 317 x 149 y 157 vx 0 vy -150 ground false fuel 0 bullets 2 tiles 55 cam 0.000 hp 3 enemies 0 over false
tick 318 x 149 y 155 vx 0 vy -120 ground false fuel 0 bullets 2 tiles 55 cam 0.000 hp 3 enemies 0 over false
tick 319 x 149 y 153 vx 0 vy -90 ground false fuel 0 bullets 2 tiles 55 cam 0.000 hp 3 enemies 0 over false
tick 320 x 149 y 152 vx 0 vy -60 ground false fuel 0 bullets 2 tiles 55 cam 0.000 hp 3 enemies 0 over false
tick 321 x 149 y 151 vx 0 vy -45 ground false fuel 0 bullets 1 tiles 55 cam 0.000 hp 3 enemies 0 over false
tick 322 x 149 y 151 vx 0 vy -30 ground false fuel 0 bullets 1 tiles 55 cam 0.000 hp 3 enemies 0 over false
tick 323 x 149 y 151 vx 0 vy -15 ground false fuel 0 bullets 1 tiles 55 cam 0.000 hp 3 enemies 0 over false
tick 324 x 149 y 151 vx 0 vy 0 ground false fuel 0 bullets 1 tiles 55 cam 0.000 hp 3 enemies 0 over false
tick 325 x 149 y 151 vx 0 vy 15 ground false fuel 0 bullets 1 tiles 55 cam 0.000 hp 3 enemies 0 over false
tick 326 x 149 y 151 vx 0 vy 30 ground false fuel 0 bullets 1 tiles 55 cam 0.000 hp 3 enemies 0 over false
tick 327 x 149 y 152 vx 0 vy 45 ground false fuel 0 bullets 0 tiles 55 cam 0.000 hp 3 enemies 0 over false
tick 328 x 149 y 153 vx 0 vy 60 ground false fuel 0 bullets 0 tiles 55 cam 0.000 hp 3 enemies 0 over false
tick 329 x 149 y 154 vx 0 vy 75 ground false fuel 0 bullets 0 tiles 55 cam 0.000 hp 3 enemies 0 over false
tick 330 x 149 y 156 vx 0 vy 90 ground false fuel 0 bullets 0 tiles 55 cam 0.000 hp 3 enemies 0 over false
tick 331 x 149 y 158 vx 0 vy 120 ground false fuel 0 bullets 0 tiles 55 cam 0.000 hp 3 enemies 0 over false
tick 332 x 149 y 160 vx 0 vy 150 ground false fuel 0 bullets 0 tiles 55 cam 0.000 hp 3 enemies 0 over false
tick 333 x 149 y 163 vx 0 vy 180 ground false fuel 0 bullets 0 tiles 55 cam 0.000 hp 3 enemies 0 over false
tick 334 x 149 y 167 vx 0 vy 210 ground false fuel 0 bullets 0 tiles 55 cam 0.000 hp 3 enemies 0 over false
tick 335 x 149 y 171 vx 0 vy 240 ground false fuel 0 bullets 0 tiles 55 cam 0.000 hp 3 enemies 0 over false
tick 336 x 149 y 175 vx 0 vy 270 ground false fuel 0 bullets 0 tiles 55 cam 0.000 hp 3 enemies 0 over false
tick 337 x 149 y 180 vx 0 vy 300 ground false fuel 0 bullets 0 tiles 55 cam 0.000 hp 3 enemies 0 over false
tick 338 x 149 y 186 vx 0 vy 320 ground false fuel 0 bullets 0 tiles 55 cam 0.000 hp 3 enemies 0 over false
tick 339 x 149 y 191 vx 0 vy 320 ground false fuel 0 bullets 0 tiles 55 cam 0.000 hp 3 enemies 0 over false
tick 340 x 149 y 196 vx 0 vy 320 ground false fuel 0 bullets 0 tiles 55 cam 0.000 hp 3 enemies 0 over false
tick 341 x 149 y 202 vx 0 vy 320 ground false fuel 0 bullets 0 tiles 55 cam 0.000 hp 3 enemies 0 over false
tick 342 x 149 y 207 vx 0 vy 320 ground false fuel 0 bullets 0 tiles 55 cam 0.000 hp 3 enemies 0 over false
tick 343 x 149 y 212 vx 0 vy 320 ground false fuel 0 bullets 0 tiles 55 cam 0.000 hp 3 enemies 0 over false
tick 344 x 149 y 218 vx 0 vy 320 ground false fuel 0 bullets 0 tiles 55 cam 0.000 hp 3 enemies 0 over false
tick 345 x 149 y 223 vx 0 vy 320 ground false fuel 0 bullets 0 tiles 55 cam 0.000 hp 3 enemies 0 over false
tick 346 x 149 y 228 vx 0 vy 320 ground false fuel 0 bullets 0 tiles 55 cam 0.000 hp 3 enemies 0 over false
tick 347 x 149 y 234 vx 0 vy 320 ground false fuel 0 bullets 0 tiles 55 cam 0.000 hp 3 enemies 0 over false
tick 348 x 149 y 239 vx 0 vy 320 ground false fuel 0 bullets 0 tiles 55 cam 0.000 hp 3 enemies 0 over false
tick 349 x 149 y 244 vx 0 vy 320 ground false fuel 0 bullets 0 tiles 55 cam 0.000 hp 3 enemies 0 over false
tick 350 x 149 y 250 vx 0 vy 320 ground false fuel 0 bullets 0 tiles 55 cam 0.000 hp 3 enemies 0 over false
tick 351 x 149 y 255 vx 0 vy 320 ground false fuel 0 bullets 0 tiles 55 cam 0.000 hp 3 enemies 0 over false
tick 352 x 149 y 260 vx 0 vy 320 ground false fuel 0 bullets 0 tiles 55 cam 0.000 hp 3 enemies 0 over false
tick 353 x 149 y 266 vx 0 vy 320 ground false fuel 0 bullets 0 tiles 55 cam 0.000 hp 3 enemies 0 over false
tick 354 x 149 y 271 vx 0 vy 320 ground false fuel 0 bullets 0 tiles 55 cam 0.000 hp 3 enemies 0 over false
tick 355 x 149 y 276 vx 0 vy 320 ground false fuel 0 bullets 0 tiles 55 cam 0.000 hp 3 enemies 0 over false
tick 356 x 149 y 282 vx 0 vy 320 ground false fuel 0 bullets 0 tiles 55 cam 0.000 hp 3 enemies 0 over false
tick 357 x 149 y 287 vx 0 vy 320 ground false fuel 0 bullets 0 tiles 55 cam 0.000 hp 3 enemies 0 over false
tick 358 x 149 y 292 vx 0 vy 320 ground false fuel 0 bullets 0 tiles 55 cam 0.000 hp 3 enemies 0 over false
tick 359 x 149 y 298 vx 0 vy 320 ground false fuel 0 bullets 0 tiles 55 cam 0.000 hp 3 enemies 0 over false
tick 360 x 149 y 303 vx 0 vy 320 ground false fuel 0 bullets 0 tiles 55 cam 0.000 hp 3 enemies 0 over false
tick 361 x 149 y 308 vx 0 vy 320 ground false fuel 0 bullets 0 tiles 55 cam 0.000 hp 3 enemies 0 over false
tick 362 x 149 y 314 vx 0 vy 320 ground false fuel 0 bullets 0 tiles 55 cam 0.000 hp 3 enemies 0 over false
tick 363 x 149 y 316 vx 0 vy 0 ground true fuel 8 bullets 0 tiles 55 cam 0.000 hp 3 enemies 0 over false
tick 364 x 149 y 316 vx 0 vy 0 ground true fuel 8 bullets 0 tiles 55 cam 0.000 hp 3 enemies 0 over false
tick 365 x 149 y 316 vx 0 vy 0 ground true fuel 8 bullets 0 tiles 55 cam 0.000 hp 3 enemies 0 over false
tick 366 x 149 y 316 vx 0 vy 0 ground true fuel 8 bullets 0 tiles 55 cam 0.000 hp 3 enemies 0 over false
tick 367 x 149 y 316 vx 0 vy 0 ground true fuel 8 bullets 0 tiles 55 cam 0.000 hp 3 enemies 0 over false
tick 368 x 149 y 316 vx 0 vy 0 ground true fuel 8 bullets 0 tiles 55 cam 0.000 hp 3 enemies 0 over false
tick 369 x 149 y 316 vx 0 vy 0 ground true fuel 8 bullets 0 tiles 55 cam 0.000 hp 3 enemies 0 over false
tick 370 x 149 y 316 vx 0 vy 0 ground true fuel 8 bullets 0 tiles 55 cam 0.000 hp 3 enemies 0 over false
tick 371 x 149 y 316 vx 0 vy 0 ground true fuel 8 bullets 0 tiles 55 cam 0.000 hp 3 enemies 0 over false
tick 372 x 149 y 316 vx 0 vy 0 ground true fuel 8 bullets 0 tiles 55 cam 0.000 hp 3 enemies 0 over false
tick 373 x 149 y 316 vx 0 vy 0 ground true fuel 8 bullets 0 tiles 55 cam 0.000 hp 3 enemies 0 over false
tick 374 x 149 y 316 vx 0 vy 0 ground true fuel 8 bullets 0 tiles 55 cam 0.000 hp 3 enemies 0 over false
tick 375 x 149 y 316 vx 0 vy 0 ground true fuel 8 bullets 0 tiles 55 cam 0.000 hp 3 enemies 0 over false
tick 376 x 149 y 316 vx 0 vy 0 ground true fuel 8 bullets 0 tiles 55 cam 0.000 hp 3 enemies 0 over false
tick 377 x 149 y 316 vx 0 vy 0 ground true fuel 8 bullets 0 tiles 55 cam 0.000 hp 3 enemies 0 over false
tick 378 x 149 y 316 vx 0 vy 0 ground true fuel 8 bullets 0 tiles 55 cam 0.000 hp 3 enemies 0 over false
tick 379 x 149 y 316 vx 0 vy 0 ground true fuel 8 bullets 0 tiles 55 cam 0.000 hp 3 enemies 0 over false
tick 380 x 149 y 316 vx 0 vy 0 ground true fuel 8 bullets 0 tiles 55 cam 0.000 hp 3 enemies 0 over false
tick 381 x 149 y 316 vx 0 vy 0 ground true fuel 8 bullets 0 tiles 55 cam 0.000 hp 3 enemies 0 over false
tick 382 x 149 y 316 vx 0 vy 0 ground true fuel 8 bullets 0 tiles 55 cam 0.000 hp 3 enemies 0 over false
tick 383 x 149 y 316 vx 0 vy 0 ground true fuel 8 bullets 0 tiles 55 cam 0.000 hp 3 enemies 0 over false
tick 384 x 149 y 316 vx 0 vy 0 ground true fuel 8 bullets 0 tiles 55 cam 0.000 hp 3 enemies 0 over false
tick 385 x 149 y 316 vx 0 vy 0 ground true fuel 8 bullets 0 tiles 55 cam 0.000 hp 3 enemies 0 over false
tick 386 x 149 y 316 vx 0 vy 0 ground true fuel 8 bullets 0 tiles 55 cam 0.000 hp 3 enemies 0 over false
tick 387 x 149 y 316 vx 0 vy 0 ground true fuel 8 bullets 0 tiles 55 cam 0.000 hp 3 enemies 0 over false
tick 388 x 149 y 316 vx 0 vy 0 ground true fuel 8 bullets 0 tiles 55 cam 0.000 hp 3 enemies 0 over false
tick 389 x 149 y 316 vx 0 vy 0 ground true fuel 8 bullets 0 tiles 55 cam 0.000 hp 3 enemies 0 over false
tick 390 x 149 y 316 vx 0 vy 0 ground true fuel 8 bullets 0 tiles 55 cam 0.000 hp 3 enemies 0 over false
tick 391 x 149 y 316 vx 0 vy 0 ground true fuel 8 bullets 0 tiles 55 cam 0.000 hp 3 enemies 0 over false
tick 392 x 149 y 316 vx 0 vy 0 ground true fuel 8 bullets 0 tiles 55 cam 0.000 hp 3 enemies 0 over false
tick 393 x 149 y 316 vx 0 vy 0 ground true fuel 8 bullets 0 tiles 55 cam 0.000 hp 3 enemies 0 over false
tick 394 x 149 y 316 vx 0 vy 0 ground true fuel 8 bullets 0 tiles 55 cam 0.000 hp 3 enemies 0 over false
tick 395 x 149 y 316 vx 0 vy 0 ground true fuel 8 bullets 0 tiles 55 cam 0.000 hp 3 enemies 0 over false
tick 396 x 149 y 316 vx 0 vy 0 ground true fuel 8 bullets 0 tiles 55 cam 0.000 hp 3 enemies 0 over false
tick 397 x 149 y 316 vx 0 vy 0 ground true fuel 8 bullets 0 tiles 55 cam 0.000 hp 3 enemies 0 over false
tick 398 x 149 y 316 vx 0 vy 0 ground true fuel 8 bullets 0 tiles 55 cam 0.000 hp 3 enemies 0 over false
tick 399 x 149 y 316 vx 0 vy 0 ground true fuel 8 bullets 0 tiles 55 cam 0.000 hp 3 enemies 0 over false
tick 400 x 149 y 316 vx 0 vy 0 ground true fuel 8 bullets 0 tiles 55 cam 0.000 hp 3 enemies 0 over false
