tick 0 x 98 y 0 vx 0 vy 0 ground false fuel 8 bullets 0 tiles 55 cam 0.000 hp 4 enemies 3 over false water off
tick 1 x 98 y 0 vx 0 vy 30 ground false fuel 8 bullets 0 tiles 55 cam 0.000 hp 4 enemies 3 over false water off
tick 2 x 98 y 2 vx 0 vy 60 ground false fuel 8 bullets 0 tiles 55 cam 0.000 hp 4 enemies 3 over false water off
tick 3 x 98 y 3 vx 0 vy 90 ground false fuel 8 bullets 0 tiles 55 cam 0.000 hp 4 enemies 3 over false water off
tick 4 x 98 y 5 vx 0 vy 120 ground false fuel 8 bullets 0 tiles 55 cam 0.000 hp 4 enemies 3 over false water off
tick 5 x 98 y 7 vx 0 vy 150 ground false fuel 8 bullets 0 tiles 55 cam 0.000 hp 4 enemies 3 over false water off
tick 6 x 98 y 11 vx 0 vy 180 ground false fuel 8 bullets 0 tiles 55 cam 0.000 hp 4 enemies 3 over false water off
tick 7 x 98 y 14 vx 0 vy 210 ground false fuel 8 bullets 0 tiles 55 cam 0.000 hp 4 enemies 3 over false water off
tick 8 x 98 y 18 vx 0 vy 240 ground false fuel 8 bullets 0 tiles 55 cam 0.000 hp 4 enemies 3 over false water off
tick 9 x 98 y 22 vx 0 vy 270 ground false fuel 8 bullets 0 tiles 55 cam 0.000 hp 4 enemies 3 over false water off
tick 10 x 98 y 28 vx 0 vy 300 ground false fuel 8 bullets 0 tiles 55 cam 0.000 hp 4 enemies 3 over false water off
tick 11 x 98 y 33 vx 0 vy 320 ground false fuel 8 bullets 0 tiles 55 cam 0.000 hp 4 enemies 3 over false water off
tick 12 x 98 y 38 vx 0 vy 320 ground false fuel 8 bullets 0 tiles 55 cam 0.000 hp 4 enemies 3 over false water off
tick 13 x 98 y 43 vx 0 vy 320 ground false fuel 8 bullets 0 tiles 55 cam 0.000 hp 4 enemies 3 over false water off
tick 14 x 98 y 49 vx 0 vy 320 ground false fuel 8 bullets 0 tiles 55 cam 0.000 hp 4 enemies 3 over false water off
tick 15 x 98 y 54 vx 0 vy 320 ground false fuel 8 bullets 0 tiles 55 cam 0.000 hp 4 enemies 3 over false water off
tick 16 x 98 y 59 vx 0 vy 320 ground false fuel 8 bullets 0 tiles 55 cam 0.000 hp 4 enemies 3 over false water off
tick 17 x 98 y 65 vx 0 vy 320 ground false fuel 8 bullets 0 tiles 55 cam 0.000 hp 4 enemies 3 over false water off
tick 18 x 98 y 70 vx 0 vy 320 ground false fuel 8 bullets 0 tiles 55 cam 0.000 hp 4 enemies 3 over false water off
tick 19 x 98 y 75 vx 0 vy 320 ground false fuel 8 bullets 0 tiles 55 cam 0.000 hp 4 enemies 3 over false water off
tick 20 x 98 y 81 vx 0 vy -280 ground false fuel 8 bullets 0 tiles 55 cam 0.000 hp 4 enemies 2 over false water off
tick 21 x 98 y 81 vx 0 vy -280 ground false fuel 8 bullets 0 tiles 55 cam 0.000 hp 4 enemies 2 over false water off
tick 22 x 98 y 81 vx 0 vy -280 ground false fuel 8 bullets 0 tiles 55 cam 0.000 hp 4 enemies 2 over false water off
tick 23 x 98 y 81 vx 0 vy -280 ground false fuel 8 bullets 0 tiles 55 cam 0.000 hp 4 enemies 2 over false water off
tick 24 x 98 y 76 vx 0 vy -280 ground false fuel 8 bullets 0 tiles 55 cam 0.000 hp 4 enemies 2 over false water off
tick 25 x 98 y 71 vx 0 vy -280 ground false fuel 8 bullets 0 tiles 55 cam 0.000 hp 4 enemies 2 over false water off
tick 26 x 98 y 67 vx 0 vy -280 ground false fuel 8 bullets 0 tiles 55 cam 0.000 hp 4 enemies 2 over false water off
tick 27 x 98 y 62 vx 0 vy -280 ground false fuel 8 bullets 0 tiles 55 cam 0.000 hp 4 enemies 2 over false water off
tick 28 x 98 y 57 vx 0 vy -280 ground false fuel 8 bullets 0 tiles 55 cam 0.000 hp 4 enemies 2 over false water off
tick 29 x 98 y 53 vx 0 vy -280 ground false fuel 8 bullets 0 tiles 55 cam 0.000 hp 4 enemies 2 over false water off
tick 30 x 98 y 48 vx 0 vy -280 ground false fuel 8 bullets 0 tiles 55 cam 0.000 hp 4 enemies 2 over false water off
tick 31 x 98 y 43 vx 0 vy -280 ground false fuel 8 bullets 0 tiles 55 cam 0.000 hp 4 enemies 2 over false water off
tick 32 x 98 y 39 vx 0 vy -280 ground false fuel 8 bullets 0 tiles 55 cam 0.000 hp 4 enemies 2 over false water off
tick 33 x 98 y 34 vx 0 vy -280 ground false fuel 8 bullets 0 tiles 55 cam 0.000 hp 4 enemies 2 over false water off
tick 34 x 98 y 29 vx 0 vy -280 ground false fuel 8 bullets 0 tiles 55 cam 0.000 hp 4 enemies 2 over false water off
tick 35 x 98 y 25 vx 0 vy -280 ground false fuel 8 bullets 0 tiles 55 cam 0.000 hp 4 enemies 2 over false water off
tick 36 x 98 y 21 vx 0 vy -250 ground false fuel 8 bullets 0 tiles 55 cam 0.000 hp 4 enemies 2 over false water off
tick 37 x 98 y 17 vx 0 vy -220 ground false fuel 8 bullets 0 tiles 55 cam 0.000 hp 4 enemies 2 over false water off
tick 38 x 98 y 14 vx 0 vy -190 ground false fuel 8 bullets 0 tiles 55 cam 0.000 hp 4 enemies 2 over false water off
tick 39 x 98 y 11 vx 0 vy -160 ground false fuel 8 bullets 0 tiles 55 cam 0.000 hp 4 enemies 2 over false water off
tick 40 x 98 y 9 vx 0 vy -130 ground false fuel 8 bullets 0 tiles 55 cam 0.000 hp 4 enemies 2 over false water off
tick 41 x 98 y 7 vx 0 vy -100 ground false fuel 8 bullets 0 tiles 55 cam 0.000 hp 4 enemies 2 over false water off
tick 42 x 98 y 6 vx 0 vy -70 ground false fuel 8 bullets 0 tiles 55 cam 0.000 hp 4 enemies 2 over false water off
tick 43 x 98 y 5 vx 0 vy -40 ground false fuel 8 bullets 0 tiles 55 cam 0.000 hp 4 enemies 2 over false water off
tick 44 x 98 y 5 vx 0 vy -10 ground false fuel 8 bullets 0 tiles 55 cam 0.000 hp 4 enemies 2 over false water off
tick 45 x 98 y 6 vx 0 vy 20 ground false fuel 8 bullets 0 tiles 55 cam 0.000 hp 4 enemies 2 over false water off
tick 46 x 98 y 6 vx 0 vy 50 ground false fuel 8 bullets 0 tiles 55 cam 0.000 hp 4 enemies 2 over false water off
tick 47 x 98 y 8 vx 0 vy 80 ground false fuel 8 bullets 0 tiles 55 cam 0.000 hp 4 enemies 2 over false water off
tick 48 x 98 y 10 vx 0 vy 110 ground false fuel 8 bullets 0 tiles 55 cam 0.000 hp 4 enemies 2 over false water off
tick 49 x 98 y 12 vx 0 vy 140 ground false fuel 8 bullets 0 tiles 55 cam 0.000 hp 4 enemies 2 over false water off
tick 50 x 98 y 15 vx 0 vy 170 ground false fuel 8 bullets 0 tiles 55 cam 0.000 hp 4 enemies 2 over false water off
tick 51 x 98 y 18 vx 0 vy 200 ground false fuel 8 bullets 0 tiles 55 cam 0.000 hp 4 enemies 2 over false water off
tick 52 x 98 y 22 vx 0 vy 230 ground false fuel 8 bullets 0 tiles 55 cam 0.000 hp 4 enemies 2 over false water off
tick 53 x 98 y 26 vx 0 vy 260 ground false fuel 8 bullets 0 tiles 55 cam 0.000 hp 4 enemies 2 over false water off
tick 54 x 98 y 31 vx 0 vy 290 ground false fuel 8 bullets 0 tiles 55 cam 0.000 hp 4 enemies 2 over false water off
tick 55 x 98 y 36 vx 0 vy 320 ground false fuel 8 bullets 0 tiles 55 cam 0.000 hp 4 enemies 2 over false water off
tick 56 x 98 y 42 vx 0 vy 320 ground false fuel 8 bullets 0 tiles 55 cam 0.000 hp 4 enemies 2 over false water off
tick 57 x 98 y 47 vx 0 vy 320 ground false fuel 8 bullets 0 tiles 55 cam 0.000 hp 4 enemies 2 over false water off
tick 58 x 98 y 52 vx 0 vy 320 ground false fuel 8 bullets 0 tiles 55 cam 0.000 hp 4 enemies 2 over false water off
tick 59 x 98 y 58 vx 0 vy 320 ground false fuel 8 bullets 0 tiles 55 cam 0.000 hp 4 enemies 2 over false water off
tick 60 x 98 y 63 vx 0 vy 320 ground false fuel 8 bullets 0 tiles 55 cam 0.000 hp 4 enemies 2 over false water off
tick 61 x 98 y 68 vx 0 vy 320 ground false fuel 8 bullets 0 tiles 55 cam 0.000 hp 4 enemies 2 over false water off
tick 62 x 98 y 74 vx 0 vy 320 ground false fuel 8 bullets 0 tiles 55 cam 0.000 hp 4 enemies 2 over false water off
tick 63 x 98 y 79 vx 0 vy 320 ground false fuel 8 bullets 0 tiles 55 cam 0.000 hp 4 enemies 2 over false water off
tick 64 x 98 y 84 vx 0 vy 320 ground false fuel 8 bullets 0 tiles 55 cam 0.000 hp 4 enemies 2 over false water off
tick 65 x 98 y 90 vx 0 vy 320 ground false fuel 8 bullets 0 tiles 55 cam 0.000 hp 4 enemies 2 over false water off
tick 66 x 98 y 95 vx 0 vy 320 ground false fuel 8 bullets 0 tiles 55 cam 0.000 hp 4 enemies 2 over false water off
tick 67 x 98 y 100 vx 0 vy 320 ground false fuel 8 bullets 0 tiles 55 cam 0.000 hp 4 enemies 2 over false water off
tick 68 x 98 y 106 vx 0 vy 320 ground false fuel 8 bullets 0 tiles 55 cam 0.000 hp 4 enemies 2 over false water off
tick 69 x 98 y 111 vx 0 vy 320 ground false fuel 8 bullets 0 tiles 55 cam 0.000 hp 4 enemies 2 over false water off
tick 70 x 98 y 116 vx 0 vy 320 ground false fuel 8 bullets 0 tiles 55 cam 0.000 hp 4 enemies 2 over false water off
tick 71 x 98 y 122 vx 0 vy 320 ground false fuel 8 bullets 0 tiles 55 cam 0.000 hp 4 enemies 2 over false water off
tick 72 x 98 y 127 vx 0 vy 320 ground false fuel 8 bullets 0 tiles 55 cam 0.000 hp 4 enemies 2 over false water off
tick 73 x 98 y 132 vx 0 vy 320 ground false fuel 8 bullets 0 tiles 55 cam 0.000 hp 4 enemies 2 over false water off
tick 74 x 98 y 138 vx 0 vy 320 ground false fuel 8 bullets 0 tiles 55 cam 0.000 hp 4 enemies 2 over false water off
tick 75 x 98 y 143 vx 0 vy 320 ground false fuel 8 bullets 0 tiles 55 cam 0.000 hp 4 enemies 2 over false water off
tick 76 x 98 y 148 vx 0 vy 320 ground false fuel 8 bullets 0 tiles 55 cam 0.000 hp 4 enemies 2 over false water off
tick 77 x 98 y 154 vx 0 vy 320 ground false fuel 8 bullets 0 tiles 55 cam 0.000 hp 4 enemies 2 over false water off
tick 78 x 98 y 159 vx 0 vy 320 ground false fuel 8 bullets 0 tiles 55 cam 0.000 hp 4 enemies 2 over false water off
tick 79 x 98 y 164 vx 0 vy 320 ground false fuel 8 bullets 0 tiles 55 cam 0.000 hp 4 enemies 2 over false water off
tick 80 x 98 y 170 vx 0 vy 320 ground false fuel 8 bullets 0 tiles 55 cam 0.000 hp 4 enemies 2 over false water off
tick 81 x 98 y 175 vx 0 vy 320 ground false fuel 8 bullets 0 tiles 55 cam 0.000 hp 4 enemies 2 over false water off
tick 82 x 98 y 180 vx 0 vy 320 ground false fuel 8 bullets 0 tiles 55 cam 0.000 hp 4 enemies 2 over false water off
tick 83 x 98 y 186 vx 0 vy 320 ground false fuel 8 bullets 0 tiles 55 cam 0.000 hp 4 enemies 2 over false water off
tick 84 x 98 y 191 vx 0 vy 320 ground false fuel 8 bullets 0 tiles 55 cam 0.000 hp 4 enemies 2 over false water off
tick 85 x 98 y 196 vx 0 vy 320 ground false fuel 8 bullets 0 tiles 55 cam 0.000 hp 4 enemies 2 over false water off
tick 86 x 98 y 202 vx 0 vy 320 ground false fuel 8 bullets 0 tiles 55 cam 0.000 hp 4 enemies 2 over false water off
tick 87 x 98 y 207 vx 0 vy -280 ground false fuel 8 bullets 0 tiles 55 cam 0.000 hp 4 enemies 1 over false water off
tick 88 x 98 y 207 vx 0 vy -280 ground false fuel 8 bullets 0 tiles 55 cam 0.000 hp 4 enemies 1 over false water off
tick 89 x 98 y 207 vx 0 vy -280 ground false fuel 8 bullets 0 tiles 55 cam 0.000 hp 4 enemies 1 over false water off
tick 90 x 98 y 207 vx 0 vy -280 ground false fuel 8 bullets 0 tiles 55 cam 0.000 hp 4 enemies 1 over false water off
tick 91 x 98 y 202 vx 0 vy -280 ground false fuel 8 bullets 0 tiles 55 cam 0.000 hp 4 enemies 1 over false water off
tick 92 x 98 y 198 vx 0 vy -280 ground false fuel 8 bullets 0 tiles 55 cam 0.000 hp 4 enemies 1 over false water off
tick 93 x 98 y 193 vx 0 vy -280 ground false fuel 8 bullets 0 tiles 55 cam 0.000 hp 4 enemies 1 over false water off
tick 94 x 98 y 188 vx 0 vy -280 ground false fuel 8 bullets 0 tiles 55 cam 0.000 hp 4 enemies 1 over false water off
tick 95 x 98 y 184 vx 0 vy -280 ground false fuel 8 bullets 0 tiles 55 cam 0.000 hp 4 enemies 1 over false water off
tick 96 x 98 y 179 vx 0 vy -280 ground false fuel 8 bullets 0 tiles 55 cam 0.000 hp 4 enemies 1 over false water off
tick 97 x 98 y 174 vx 0 vy -280 ground false fuel 8 bullets 0 tiles 55 cam 0.000 hp 4 enemies 1 over false water off
tick 98 x 98 y 170 vx 0 vy -280 ground false fuel 8 bullets 0 tiles 55 cam 0.000 hp 4 enemies 1 over false water off
tick 99 x 98 y 165 vx 0 vy -280 ground false fuel 8 bullets 0 tiles 55 cam 0.000 hp 4 enemies 1 over false water off
tick 100 x 98 y 160 vx 0 vy -280 ground false fuel 8 bullets 0 tiles 55 cam 0.000 hp 4 enemies 1 over false water off
tick 101 x 98 y 156 vx 0 vy -280 ground false fuel 8 bullets 0 tiles 55 cam 0.000 hp 4 enemies 1 over false water off
tick 102 x 98 y 151 vx 0 vy -280 ground false fuel 8 bullets 0 tiles 55 cam 0.000 hp 4 enemies 1 over false water off
tick 103 x 98 y 147 vx 0 vy -250 ground false fuel 8 bullets 0 tiles 55 cam 0.000 hp 4 enemies 1 over false water off
tick 104 x 98 y 143 vx 0 vy -220 ground false fuel 8 bullets 0 tiles 55 cam 0.000 hp 4 enemies 1 over false water off
tick 105 x 98 y 140 vx 0 vy -190 ground false fuel 8 bullets 0 tiles 55 cam 0.000 hp 4 enemies 1 over false water off
tick 106 x 98 y 137 vx 0 vy -160 ground false fuel 8 bullets 0 tiles 55 cam 0.000 hp 4 enemies 1 over false water off
tick 107 x 98 y 135 vx 0 vy -130 ground false fuel 8 bullets 0 tiles 55 cam 0.000 hp 4 enemies 1 over false water off
tick 108 x 98 y 134 vx 0 vy -100 ground false fuel 8 bullets 0 tiles 55 cam 0.000 hp 4 enemies 1 over false water off
tick 109 x 98 y 132 vx 0 vy -70 ground false fuel 8 bullets 0 tiles 55 cam 0.000 hp 4 enemies 1 over false water off
tick 110 x 98 y 132 vx 0 vy -40 ground false fuel 8 bullets 0 tiles 55 cam 0.000 hp 4 enemies 1 over false water off
tick 111 x 98 y 132 vx 0 vy -10 ground false fuel 8 bullets 0 tiles 55 cam 0.000 hp 4 enemies 1 over false water off
tick 112 x 98 y 132 vx 0 vy 20 ground false fuel 8 bullets 0 tiles 55 cam 0.000 hp 4 enemies 1 over false water off
tick 113 x 98 y 133 vx 0 vy 50 ground false fuel 8 bullets 0 tiles 55 cam 0.000 hp 4 enemies 1 over false water off
tick 114 x 98 y 134 vx 0 vy 80 ground false fuel 8 bullets 0 tiles 55 cam 0.000 hp 4 enemies 1 over false water off
tick 115 x 98 y 136 vx 0 vy 110 ground false fuel 8 bullets 0 tiles 55 cam 0.000 hp 4 enemies 1 over false water off
tick 116 x 98 y 138 vx 0 vy 140 ground false fuel 8 bullets 0 tiles 55 cam 0.000 hp 4 enemies 1 over false water off
tick 117 x 98 y 141 vx 0 vy 170 ground false fuel 8 bullets 0 tiles 55 cam 0.000 hp 4 enemies 1 over false water off
tick 118 x 98 y 144 vx 0 vy 200 ground false fuel 8 bullets 0 tiles 55 cam 0.000 hp 4 enemies 1 over false water off
tick 119 x 98 y 148 vx 0 vy 230 ground false fuel 8 bullets 0 tiles 55 cam 0.000 hp 4 enemies 1 over false water off
tick 120 x 98 y 153 vx 0 vy 260 ground false fuel 8 bullets 0 tiles 55 cam 0.000 hp 4 enemies 1 over false water off
tick 121 x 98 y 157 vx 0 vy 290 ground false fuel 8 bullets 0 tiles 55 cam 0.000 hp 4 enemies 1 over false water off
tick 122 x 98 y 163 vx 0 vy 320 ground false fuel 8 bullets 0 tiles 55 cam 0.000 hp 4 enemies 1 over false water off
tick 123 x 98 y 168 vx 0 vy 320 ground false fuel 8 bullets 0 tiles 55 cam 0.000 hp 4 enemies 1 over false water off
tick 124 x 98 y 173 vx 0 vy 320 ground false fuel 8 bullets 0 tiles 55 cam 0.000 hp 4 enemies 1 over false water off
tick 125 x 98 y 179 vx 0 vy 320 ground false fuel 8 bullets 0 tiles 55 cam 0.000 hp 4 enemies 1 over false water off
tick 126 x 98 y 184 vx 0 vy 320 ground false fuel 8 bullets 0 tiles 55 cam 0.000 hp 4 enemies 1 over false water off
tick 127 x 98 y 189 vx 0 vy 320 ground false fuel 8 bullets 0 tiles 55 cam 0.000 hp 4 enemies 1 over false water off
tick 128 x 98 y 195 vx 0 vy 320 ground false fuel 8 bullets 0 tiles 55 cam 0.000 hp 4 enemies 1 over false water off
tick 129 x 98 y 200 vx 0 vy 320 ground false fuel 8 bullets 0 tiles 55 cam 0.000 hp 4 enemies 1 over false water off
tick 130 x 98 y 205 vx 0 vy 320 ground false fuel 8 bullets 0 tiles 55 cam 0.000 hp 4 enemies 1 over false water off
tick 131 x 98 y 211 vx 0 vy 320 ground false fuel 8 bullets 0 tiles 55 cam 0.000 hp 4 enemies 1 over false water off
tick 132 x 98 y 216 vx 0 vy 320 ground false fuel 8 bullets 0 tiles 55 cam 0.000 hp 4 enemies 1 over false water off
tick 133 x 98 y 221 vx 0 vy 320 ground false fuel 8 bullets 0 tiles 55 cam 0.000 hp 4 enemies 1 over false water off
tick 134 x 98 y 227 vx 0 vy 320 ground false fuel 8 bullets 0 tiles 55 cam 0.000 hp 4 enemies 1 over false water off
tick 135 x 98 y 232 vx 0 vy 320 ground false fuel 8 bullets 0 tiles 55 cam 0.000 hp 4 enemies 1 over false water off
tick 136 x 98 y 237 vx 0 vy 320 ground false fuel 8 bullets 0 tiles 55 cam 0.000 hp 4 enemies 1 over false water off
tick 137 x 98 y 243 vx 0 vy 320 ground false fuel 8 bullets 0 tiles 55 cam 0.000 hp 4 enemies 1 over false water off
tick 138 x 98 y 248 vx 0 vy 320 ground false fuel 8 bullets 0 tiles 55 cam 0.000 hp 4 enemies 1 over false water off
tick 139 x 98 y 253 vx 0 vy 320 ground false fuel 8 bullets 0 tiles 55 cam 0.000 hp 4 enemies 1 over false water off
tick 140 x 98 y 259 vx 0 vy 320 ground false fuel 8 bullets 0 tiles 55 cam 0.000 hp 4 enemies 1 over false water off
tick 141 x 98 y 264 vx 0 vy 320 ground false fuel 8 bullets 0 tiles 55 cam 0.000 hp 4 enemies 1 over false water off
tick 142 x 98 y 269 vx 0 vy 320 ground false fuel 8 bullets 0 tiles 55 cam 0.000 hp 4 enemies 1 over false water off
tick 143 x 98 y 275 vx 0 vy 320 ground false fuel 8 bullets 0 tiles 55 cam 0.000 hp 4 enemies 1 over false water off
tick 144 x 98 y 280 vx 0 vy 320 ground false fuel 8 bullets 0 tiles 55 cam 0.000 hp 4 enemies 1 over false water off
tick 145 x 98 y 285 vx 0 vy 320 ground false fuel 8 bullets 0 tiles 55 cam 0.000 hp 4 enemies 1 over false water off
tick 146 x 98 y 291 vx 0 vy 320 ground false fuel 8 bullets 0 tiles 55 cam 0.000 hp 4 enemies 1 over false water off
tick 147 x 98 y 296 vx 0 vy 320 ground false fuel 8 bullets 0 tiles 55 cam 0.000 hp 4 enemies 1 over false water off
tick 148 x 98 y 301 vx 0 vy 320 ground false fuel 8 bullets 0 tiles 55 cam 0.000 hp 4 enemies 1 over false water off
tick 149 x 98 y 307 vx 0 vy 320 ground false fuel 8 bullets 0 tiles 55 cam 0.000 hp 4 enemies 1 over false water off
tick 150 x 98 y 312 vx 0 vy 320 ground false fuel 8 bullets 0 tiles 55 cam 0.000 hp 4 enemies 1 over false water off
tick 151 x 98 y 316 vx 0 vy 0 ground true fuel 8 bullets 0 tiles 55 cam 0.000 hp 4 enemies 1 over false water off
tick 152 x 98 y 316 vx 0 vy 0 ground true fuel 8 bullets 0 tiles 55 cam 0.000 hp 4 enemies 1 over false water off
tick 153 x 98 y 316 vx 0 vy 0 ground true fuel 8 bullets 0 tiles 55 cam 0.000 hp 4 enemies 1 over false water off
tick 154 x 98 y 316 vx 0 vy 0 ground true fuel 8 bullets 0 tiles 55 cam 0.000 hp 4 enemies 1 over false water off
tick 155 x 98 y 316 vx 0 vy 0 ground true fuel 8 bullets 0 tiles 55 cam 0.000 hp 4 enemies 1 over false water off
tick 156 x 98 y 316 vx 0 vy 0 ground true fuel 8 bullets 0 tiles 55 cam 0.000 hp 4 enemies 1 over false water off
tick 157 x 98 y 316 vx 0 vy 0 ground true fuel 8 bullets 0 tiles 55 cam 0.000 hp 4 enemies 1 over false water off
tick 158 x 98 y 316 vx 0 vy 0 ground true fuel 8 bullets 0 tiles 55 cam 0.000 hp 4 enemies 1 over false water off
tick 159 x 98 y 316 vx 0 vy 0 ground true fuel 8 bullets 0 tiles 55 cam 0.000 hp 4 enemies 1 over false water off
tick 160 x 98 y 316 vx 0 vy 0 ground true fuel 8 bullets 0 tiles 55 cam 0.000 hp 4 enemies 1 over false water off
tick 161 x 99 y 316 vx 33.333333333333336 vy 0 ground true fuel 8 bullets 0 tiles 55 cam 0.000 hp 4 enemies 1 over false water off
tick 162 x 100 y 316 vx 66.66666666666667 vy 0 ground true fuel 8 bullets 0 tiles 55 cam 0.000 hp 4 enemies 1 over false water off
tick 163 x 101 y 316 vx 100 vy 0 ground true fuel 8 bullets 0 tiles 55 cam 0.000 hp 4 enemies 1 over false water off
tick 164 x 104 y 316 vx 133.33333333333334 vy 0 ground true fuel 8 bullets 0 tiles 55 cam 0.000 hp 4 enemies 1 over false water off
tick 165 x 106 y 316 vx 166.66666666666669 vy 0 ground true fuel 8 bullets 0 tiles 55 cam 0.000 hp 4 enemies 1 over false water off
tick 166 x 109 y 316 vx 180 vy 0 ground true fuel 8 bullets 0 tiles 55 cam 0.000 hp 4 enemies 1 over false water off
tick 167 x 112 y 316 vx 180 vy 0 ground true fuel 8 bullets 0 tiles 55 cam 0.000 hp 4 enemies 1 over false water off
tick 168 x 115 y 316 vx 180 vy 0 ground true fuel 8 bullets 0 tiles 55 cam 0.000 hp 4 enemies 1 over false water off
tick 169 x 118 y 316 vx 180 vy 0 ground true fuel 8 bullets 0 tiles 55 cam 0.000 hp 4 enemies 1 over false water off
tick 170 x 121 y 316 vx 180 vy 0 ground true fuel 8 bullets 0 tiles 55 cam 0.000 hp 4 enemies 1 over false water off
tick 171 x 124 y 316 vx 180 vy 0 ground true fuel 8 bullets 0 tiles 55 cam 0.000 hp 4 enemies 1 over false water off
tick 172 x 127 y 316 vx 180 vy 0 ground true fuel 8 bullets 0 tiles 55 cam 0.000 hp 4 enemies 1 over false water off
tick 173 x 130 y 316 vx 180 vy 0 ground true fuel 8 bullets 0 tiles 55 cam 0.000 hp 4 enemies 1 over false water off
tick 174 x 133 y 316 vx 180 vy 0 ground true fuel 8 bullets 0 tiles 55 cam 0.000 hp 4 enemies 1 over false water off
tick 175 x 136 y 316 vx -176.50452162436562 vy -190 ground true fuel 8 bullets 0 tiles 55 cam 0.000 hp 3 enemies 1 over false water off
tick 176 x 134 y 313 vx -154.83785495769897 vy -160 ground false fuel 8 bullets 0 tiles 55 cam 0.000 hp 3 enemies 1 over false water off
tick 177 x 132 y 311 vx -133.1711882910323 vy -130 ground false fuel 8 bullets 0 tiles 55 cam 0.000 hp 3 enemies 1 over false water off
tick 178 x 130 y 310 vx -111.50452162436564 vy -100 ground false fuel 8 bullets 0 tiles 55 cam 0.000 hp 3 enemies 1 over false water off
tick 179 x 128 y 308 vx -89.83785495769897 vy -70 ground false fuel 8 bullets 0 tiles 55 cam 0.000 hp 3 enemies 1 over false water off
tick 180 x 127 y 308 vx -68.1711882910323 vy -40 ground false fuel 8 bullets 0 tiles 55 cam 0.000 hp 3 enemies 1 over false water off
tick 181 x 126 y 308 vx -46.50452162436562 vy -10 ground false fuel 8 bullets 0 tiles 55 cam 0.000 hp 3 enemies 1 over false water off
tick 182 x 126 y 308 vx -24.837854957698955 vy 20 ground false fuel 8 bullets 0 tiles 55 cam 0.000 hp 3 enemies 1 over false water off
tick 183 x 126 y 309 vx -3.171188291032287 vy 50 ground false fuel 8 bullets 0 tiles 55 cam 0.000 hp 3 enemies 1 over false water off
tick 184 x 126 y 310 vx 18.49547837563438 vy 80 ground false fuel 8 bullets 0 tiles 55 cam 0.000 hp 3 enemies 1 over false water off
tick 185 x 127 y 312 vx 40.16214504230105 vy 110 ground false fuel 8 bullets 0 tiles 55 cam 0.000 hp 3 enemies 1 over false water off
tick 186 x 128 y 314 vx 61.82881170896772 vy 140 ground false fuel 8 bullets 0 tiles 55 cam 0.000 hp 3 enemies 1 over false water off
tick 187 x 129 y 316 vx 83.49547837563439 vy 0 ground true fuel 8 bullets 0 tiles 55 cam 0.000 hp 3 enemies 1 over false water off
tick 188 x 131 y 316 vx 116.82881170896772 vy 0 ground true fuel 8 bullets 0 tiles 55 cam 0.000 hp 3 enemies 1 over false water off
tick 189 x 134 y 316 vx 150.16214504230106 vy 0 ground true fuel 8 bullets 0 tiles 55 cam 0.000 hp 3 enemies 1 over false water off
tick 190 x 137 y 316 vx 180 vy 0 ground true fuel 8 bullets 0 tiles 55 cam 0.000 hp 3 enemies 1 over false water off
tick 191 x 140 y 316 vx 180 vy 0 ground true fuel 8 bullets 0 tiles 55 cam 0.000 hp 3 enemies 1 over false water off
tick 192 x 143 y 316 vx 180 vy 0 ground true fuel 8 bullets 0 tiles 55 cam 0.000 hp 3 enemies 1 over false water off
tick 193 x 146 y 316 vx 180 vy 0 ground true fuel 8 bullets 0 tiles 55 cam 0.000 hp 3 enemies 1 over false water off
tick 194 x 149 y 316 vx 180 vy 0 ground true fuel 8 bullets 0 tiles 55 cam 0.000 hp 3 enemies 1 over false water off
tick 195 x 152 y 316 vx 180 vy 0 ground true fuel 8 bullets 0 tiles 55 cam 0.000 hp 3 enemies 1 over false water off
tick 196 x 155 y 316 vx 180 vy 0 ground true fuel 8 bullets 0 tiles 55 cam 0.000 hp 3 enemies 1 over false water off
tick 197 x 158 y 316 vx 180 vy 0 ground true fuel 8 bullets 0 tiles 55 cam 0.000 hp 3 enemies 1 over false water off
tick 198 x 161 y 316 vx 180 vy 0 ground true fuel 8 bullets 0 tiles 55 cam 0.000 hp 3 enemies 1 over false water off
tick 199 x 164 y 316 vx 180 vy 0 ground true fuel 8 bullets 0 tiles 55 cam 0.000 hp 3 enemies 1 over false water off
tick 200 x 167 y 316 vx 180 vy 0 ground true fuel 8 bullets 0 tiles 55 cam 0.000 hp 3 enemies 1 over false water off
tick 201 x 169 y 316 vx 146.66666666666666 vy 0 ground true fuel 8 bullets 0 tiles 55 cam 0.000 hp 3 enemies 1 over false water off
tick 202 x 171 y 316 vx 113.33333333333331 vy 0 ground true fuel 8 bullets 0 tiles 55 cam 0.000 hp 3 enemies 1 over false water off
tick 203 x 172 y 316 vx 79.99999999999997 vy 0 ground true fuel 8 bullets 0 tiles 55 cam 0.000 hp 3 enemies 1 over false water off
tick 204 x 173 y 316 vx 46.666666666666636 vy 0 ground true fuel 8 bullets 0 tiles 55 cam 0.000 hp 3 enemies 1 over false water off
tick 205 x 173 y 316 vx 13.3333333333333 vy 0 ground true fuel 8 bullets 0 tiles 55 cam 0.000 hp 3 enemies 1 over false water off
tick 206 x 173 y 316 vx 0 vy 0 ground true fuel 8 bullets 0 tiles 55 cam 0.000 hp 3 enemies 1 over false water off
tick 207 x 173 y 316 vx 0 vy 0 ground true fuel 8 bullets 0 tiles 55 cam 0.000 hp 3 enemies 1 over false water off
tick 208 x 173 y 316 vx 0 vy 0 ground true fuel 8 bullets 0 tiles 55 cam 0.000 hp 3 enemies 1 over false water off
tick 209 x 173 y 316 vx 0 vy 0 ground true fuel 8 bullets 0 tiles 55 cam 0.000 hp 3 enemies 1 over false water off
tick 210 x 173 y 316 vx 0 vy 0 ground true fuel 8 bullets 0 tiles 55 cam 0.000 hp 3 enemies 1 over false water off
tick 211 x 173 y 316 vx 0 vy 0 ground true fuel 8 bullets 0 tiles 55 cam 0.000 hp 3 enemies 1 over false water off
tick 212 x 173 y 316 vx 0 vy 0 ground true fuel 8 bullets 0 tiles 55 cam 0.000 hp 3 enemies 1 over false water off
tick 213 x 173 y 316 vx 0 vy 0 ground true fuel 8 bullets 0 tiles 55 cam 0.000 hp 3 enemies 1 over false water off
tick 214 x 173 y 316 vx 0 vy 0 ground true fuel 8 bullets 0 tiles 55 cam 0.000 hp 3 enemies 1 over false water off
tick 215 x 173 y 316 vx 0 vy 0 ground true fuel 8 bullets 0 tiles 55 cam 0.000 hp 3 enemies 1 over false water off
tick 216 x 173 y 316 vx 0 vy 0 ground true fuel 8 bullets 0 tiles 55 cam 0.000 hp 3 enemies 1 over false water off
tick 217 x 173 y 316 vx 0 vy 0 ground true fuel 8 bullets 0 tiles 55 cam 0.000 hp 3 enemies 1 over false water off
tick 218 x 173 y 316 vx 0 vy 0 ground true fuel 8 bullets 0 tiles 55 cam 0.000 hp 3 enemies 1 over false water off
tick 219 x 173 y 316 vx 0 vy 0 ground true fuel 8 bullets 0 tiles 55 cam 0.000 hp 3 enemies 1 over false water off
tick 220 x 173 y 316 vx 0 vy 0 ground true fuel 8 bullets 0 tiles 55 cam 0.000 hp 3 enemies 1 over false water off
tick 221 x 173 y 316 vx 0 vy 0 ground true fuel 8 bullets 0 tiles 55 cam 0.000 hp 3 enemies 1 over false water off
tick 222 x 173 y 316 vx 0 vy 0 ground true fuel 8 bullets 0 tiles 55 cam 0.000 hp 3 enemies 1 over false water off
tick 223 x 173 y 316 vx 0 vy 0 ground true fuel 8 bullets 0 tiles 55 cam 0.000 hp 3 enemies 1 over false water off
tick 224 x 173 y 316 vx 0 vy 0 ground true fuel 8 bullets 0 tiles 55 cam 0.000 hp 3 enemies 1 over false water off
tick 225 x 173 y 316 vx 0 vy 0 ground true fuel 8 bullets 0 tiles 55 cam 0.000 hp 3 enemies 1 over false water off
tick 226 x 173 y 316 vx 0 vy 0 ground true fuel 8 bullets 0 tiles 55 cam 0.000 hp 3 enemies 1 over false water off
tick 227 x 173 y 316 vx 0 vy 0 ground true fuel 8 bullets 0 tiles 55 cam 0.000 hp 3 enemies 1 over false water off
tick 228 x 173 y 316 vx 0 vy 0 ground true fuel 8 bullets 0 tiles 55 cam 0.000 hp 3 enemies 1 over false water off
tick 229 x 173 y 316 vx 0 vy 0 ground true fuel 8 bullets 0 tiles 55 cam 0.000 hp 3 enemies 1 over false water off
tick 230 x 173 y 316 vx 0 vy 0 ground true fuel 8 bullets 0 tiles 55 cam 0.000 hp 3 enemies 1 over false water off
tick 231 x 173 y 316 vx 0 vy 0 ground true fuel 8 bullets 0 tiles 55 cam 0.000 hp 3 enemies 1 over false water off
tick 232 x 173 y 316 vx 0 vy 0 ground true fuel 8 bullets 0 tiles 55 cam 0.000 hp 3 enemies 1 over false water off
tick 233 x 173 y 316 vx 0 vy 0 ground true fuel 8 bullets 0 tiles 55 cam 0.000 hp 3 enemies 1 over false water off
tick 234 x 173 y 316 vx 0 vy 0 ground true fuel 8 bullets 0 tiles 55 cam 0.000 hp 3 enemies 1 over false water off
tick 235 x 173 y 316 vx 0 vy 0 ground true fuel 8 bullets 0 tiles 55 cam 0.000 hp 3 enemies 1 over false water off
tick 236 x 173 y 316 vx 0 vy 0 ground true fuel 8 bullets 0 tiles 55 cam 0.000 hp 3 enemies 1 over false water off
tick 237 x 173 y 316 vx 0 vy 0 ground true fuel 8 bullets 0 tiles 55 cam 0.000 hp 3 enemies 1 over false water off
tick 238 x 173 y 316 vx 0 vy 0 ground true fuel 8 bullets 0 tiles 55 cam 0.000 hp 3 enemies 1 over false water off
tick 239 x 173 y 316 vx 0 vy 0 ground true fuel 8 bullets 0 tiles 55 cam 0.000 hp 3 enemies 1 over false water off
tick 240 x 173 y 316 vx 0 vy 0 ground true fuel 8 bullets 0 tiles 55 cam 0.000 hp 3 enemies 1 over false water off
tick 241 x 173 y 316 vx 0 vy 0 ground true fuel 8 bullets 0 tiles 55 cam 0.000 hp 3 enemies 1 over false water off
tick 242 x 173 y 316 vx 0 vy 0 ground true fuel 8 bullets 0 tiles 55 cam 0.000 hp 3 enemies 1 over false water off
tick 243 x 173 y 316 vx 0 vy 0 ground true fuel 8 bullets 0 tiles 55 cam 0.000 hp 3 enemies 1 over false water off
tick 244 x 173 y 316 vx 0 vy 0 ground true fuel 8 bullets 0 tiles 55 cam 0.000 hp 3 enemies 1 over false water off
tick 245 x 173 y 316 vx 0 vy 0 ground true fuel 8 bullets 0 tiles 55 cam 0.000 hp 3 enemies 1 over false water off
tick 246 x 173 y 316 vx 0 vy 0 ground true fuel 8 bullets 0 tiles 55 cam 0.000 hp 3 enemies 1 over false water off
tick 247 x 173 y 316 vx 0 vy 0 ground true fuel 8 bullets 0 tiles 55 cam 0.000 hp 3 enemies 1 over false water off
tick 248 x 173 y 316 vx 0 vy 0 ground true fuel 8 bullets 0 tiles 55 cam 0.000 hp 3 enemies 1 over false water off
tick 249 x 173 y 316 vx 0 vy 0 ground true fuel 8 bullets 0 tiles 55 cam 0.000 hp 3 enemies 1 over false water off
tick 250 x 173 y 316 vx 0 vy 0 ground true fuel 8 bullets 0 tiles 55 cam 0.000 hp 3 enemies 1 over false water off
tick 251 x 173 y 316 vx 0 vy 0 ground true fuel 8 bullets 0 tiles 55 cam 0.000 hp 3 enemies 1 over false water off
tick 252 x 173 y 316 vx 0 vy 0 ground true fuel 8 bullets 0 tiles 55 cam 0.000 hp 3 enemies 1 over false water off
tick 253 x 173 y 316 vx 0 vy 0 ground true fuel 8 bullets 0 tiles 55 cam 0.000 hp 3 enemies 1 over false water off
tick 254 x 173 y 316 vx 0 vy 0 ground true fuel 8 bullets 0 tiles 55 cam 0.000 hp 3 enemies 1 over false water off
tick 255 x 173 y 316 vx 0 vy 0 ground true fuel 8 bullets 0 tiles 55 cam 0.000 hp 3 enemies 1 over false water off
tick 256 x 173 y 316 vx 0 vy 0 ground true fuel 8 bullets 0 tiles 55 cam 0.000 hp 3 enemies 1 over false water off
tick 257 x 173 y 316 vx 0 vy 0 ground true fuel 8 bullets 0 tiles 55 cam 0.000 hp 3 enemies 1 over false water off
tick 258 x 173 y 316 vx 0 vy 0 ground true fuel 8 bullets 0 tiles 55 cam 0.000 hp 3 enemies 1 over false water off
tick 259 x 173 y 316 vx 0 vy 0 ground true fuel 8 bullets 0 tiles 55 cam 0.000 hp 3 enemies 1 over false water off
tick 260 x 173 y 316 vx 0 vy 0 ground true fuel 8 bullets 0 tiles 55 cam 0.000 hp 3 enemies 1 over false water off
tick 261 x 173 y 312 vx -33.333333333333336 vy -210 ground false fuel 8 bullets 0 tiles 55 cam 0.000 hp 3 enemies 1 over false water off
tick 262 x 172 y 309 vx -55 vy -210 ground false fuel 8 bullets 0 tiles 55 cam 0.000 hp 3 enemies 1 over false water off
tick 263 x 171 y 305 vx -76.66666666666667 vy -210 ground false fuel 8 bullets 0 tiles 55 cam 0.000 hp 3 enemies 1 over false water off
tick 264 x 169 y 302 vx -98.33333333333334 vy -210 ground false fuel 8 bullets 0 tiles 55 cam 0.000 hp 3 enemies 1 over false water off
tick 265 x 167 y 298 vx -120.00000000000001 vy -210 ground false fuel 8 bullets 0 tiles 55 cam 0.000 hp 3 enemies 1 over false water off
tick 266 x 165 y 295 vx -141.66666666666669 vy -210 ground false fuel 8 bullets 0 tiles 55 cam 0.000 hp 3 enemies 1 over false water off
tick 267 x 162 y 292 vx -163.33333333333334 vy -180 ground false fuel 8 bullets 0 tiles 55 cam 0.000 hp 3 enemies 1 over false water off
tick 268 x 159 y 290 vx -180 vy -150 ground false fuel 8 bullets 0 tiles 55 cam 0.000 hp 3 enemies 1 over false water off
tick 269 x 156 y 288 vx -180 vy -120 ground false fuel 8 bullets 0 tiles 55 cam 0.000 hp 3 enemies 1 over false water off
tick 270 x 153 y 286 vx -180 vy -90 ground false fuel 8 bullets 0 tiles 55 cam 0.000 hp 3 enemies 1 over false water off
tick 271 x 150 y 285 vx -158.33333333333334 vy -60 ground false fuel 8 bullets 0 tiles 55 cam 0.000 hp 3 enemies 1 over false water off
tick 272 x 148 y 281 vx -136.66666666666669 vy -240 ground false fuel 7 bullets 1 tiles 55 cam 0.000 hp 3 enemies 1 over false water off
tick 273 x 146 y 277 vx -115.00000000000001 vy -210 ground false fuel 7 bullets 1 tiles 55 cam 0.000 hp 3 enemies 1 over false water off
tick 274 x 144 y 275 vx -93.33333333333334 vy -180 ground false fuel 7 bullets 0 tiles 55 cam 0.000 hp 3 enemies 1 over false water off
tick 275 x 143 y 272 vx -71.66666666666667 vy -150 ground false fuel 7 bullets 0 tiles 55 cam 0.000 hp 3 enemies 1 over false water off
tick 276 x 142 y 270 vx -50 vy -120 ground false fuel 7 bullets 0 tiles 55 cam 0.000 hp 3 enemies 1 over false water off
tick 277 x 142 y 268 vx -28.333333333333332 vy -90 ground false fuel 7 bullets 0 tiles 55 cam 0.000 hp 3 enemies 1 over false water off
tick 278 x 142 y 264 vx -6.666666666666664 vy -240 ground false fuel 6 bullets 1 tiles 55 cam 0.000 hp 3 enemies 1 over false water off
tick 279 x 142 y 261 vx 0 vy -210 ground false fuel 6 bullets 1 tiles 55 cam 0.000 hp 3 enemies 1 over false water off
tick 280 x 142 y 258 vx 0 vy -180 ground false fuel 6 bullets 1 tiles 55 cam 0.000 hp 3 enemies 1 over false water off
tick 281 x 142 y 256 vx 0 vy -150 ground false fuel 6 bullets 1 tiles 55 cam 0.000 hp 3 enemies 1 over false water off
tick 282 x 142 y 254 vx 0 vy -120 ground false fuel 6 bullets 0 tiles 55 cam 0.000 hp 3 enemies 1 over false water off
tick 283 x 142 y 252 vx 0 vy -90 ground false fuel 6 bullets 0 tiles 55 cam 0.000 hp 3 enemies 1 over false water off
tick 284 x 142 y 248 vx 0 vy -240 ground false fuel 5 bullets 1 tiles 55 cam 0.000 hp 3 enemies 1 over false water off
tick 285 x 142 y 244 vx 0 vy -210 ground false fuel 5 bullets 1 tiles 55 cam 0.000 hp 3 enemies 1 over false water off
tick 286 x 142 y 242 vx 0 vy -180 ground false fuel 5 bullets 1 tiles 55 cam 0.000 hp 3 enemies 1 over false water off
tick 287 x 142 y 239 vx 0 vy -150 ground false fuel 5 bullets 1 tiles 55 cam 0.000 hp 3 enemies 1 over false water off
tick 288 x 142 y 237 vx 0 vy -120 ground false fuel 5 bullets 1 tiles 55 cam 0.000 hp 3 enemies 1 over false water off
tick 289 x 142 y 235 vx 0 vy -90 ground false fuel 5 bullets 1 tiles 55 cam 0.000 hp 3 enemies 1 over false water off
tick 290 x 142 y 231 vx 0 vy -240 ground false fuel 4 bullets 1 tiles 55 cam 0.000 hp 3 enemies 0 over false water off
tick 291 x 142 y 228 vx 0 vy -210 ground false fuel 4 bullets 1 tiles 55 cam 0.000 hp 3 enemies 0 over false water off
tick 292 x 142 y 225 vx 0 vy -180 ground false fuel 4 bullets 1 tiles 55 cam 0.000 hp 3 enemies 0 over false water off
tick 293 x 142 y 223 vx 0 vy -150 ground false fuel 4 bullets 1 tiles 55 cam 0.000 hp 3 enemies 0 over false water off
tick 294 x 142 y 221 vx 0 vy -120 ground false fuel 4 bullets 1 tiles 55 cam 0.000 hp 3 enemies 0 over false water off
tick 295 x 142 y 219 vx 0 vy -90 ground false fuel 4 bullets 1 tiles 55 cam 0.000 hp 3 enemies 0 over false water off
tick 296 x 142 y 215 vx 0 vy -240 ground false fuel 3 bullets 2 tiles 55 cam 0.000 hp 3 enemies 0 over false water off
tick 297 x 142 y 211 vx 0 vy -210 ground false fuel 3 bullets 2 tiles 55 cam 0.000 hp 3 enemies 0 over false water off
tick 298 x 142 y 209 vx 0 vy -180 ground false fuel 3 bullets 2 tiles 55 cam 0.000 hp 3 enemies 0 over false water off
tick 299 x 142 y 206 vx 0 vy -150 ground false fuel 3 bullets 2 tiles 55 cam 0.000 hp 3 enemies 0 over false water off
tick 300 x 142 y 204 vx 0 vy -120 ground false fuel 3 bullets 1 tiles 55 cam 0.000 hp 3 enemies 0 over false water off
tick 301 x 142 y 202 vx 0 vy -90 ground false fuel 3 bullets 1 tiles 55 cam 0.000 hp 3 enemies 0 over false water off
tick 302 x 142 y 198 vx 0 vy -240 ground false fuel 2 bullets 2 tiles 55 cam 0.000 hp 3 enemies 0 over false water off
tick 303 x 142 y 195 vx 0 vy -210 ground false fuel 2 bullets 2 tiles 55 cam 0.000 hp 3 enemies 0 over false water off
tick 304 x 142 y 192 vx 0 vy -180 ground false fuel 2 bullets 2 tiles 55 cam 0.000 hp 3 enemies 0 over false water off
tick 305 x 142 y 190 vx 0 vy -150 ground false fuel 2 bullets 2 tiles 55 cam 0.000 hp 3 enemies 0 over false water off
tick 306 x 142 y 188 vx 0 vy -120 ground false fuel 2 bullets 2 tiles 55 cam 0.000 hp 3 enemies 0 over false water off
tick 307 x 142 y 186 vx 0 vy -90 ground false fuel 2 bullets 2 tiles 55 cam 0.000 hp 3 enemies 0 over false water off
tick 308 x 142 y 182 vx 0 vy -240 ground false fuel 1 bullets 2 tiles 55 cam 0.000 hp 3 enemies 0 over false water off
tick 309 x 142 y 178 vx 0 vy -210 ground false fuel 1 bullets 2 tiles 55 cam 0.000 hp 3 enemies 0 over false water off
tick 310 x 142 y 176 vx 0 vy -180 ground false fuel 1 bullets 2 tiles 55 cam 0.000 hp 3 enemies 0 over false water off
tick 311 x 142 y 173 vx 0 vy -150 ground false fuel 1 bullets 2 tiles 55 cam 0.000 hp 3 enemies 0 over false water off
tick 312 x 142 y 171 vx 0 vy -120 ground false fuel 1 bullets 2 tiles 55 cam 0.000 hp 3 enemies 0 over false water off
tick 313 x 142 y 169 vx 0 vy -90 ground false fuel 1 bullets 2 tiles 55 cam 0.000 hp 3 enemies 0 over false water off
tick 314 x 142 y 165 vx 0 vy -240 ground false fuel 0 bullets 3 tiles 55 cam 0.000 hp 3 enemies 0 over false water off
tick 315 x 142 y 162 vx 0 vy -210 ground false fuel 0 bullets 2 tiles 55 cam 0.000 hp 3 enemies 0 over false water off
tick 316 x 142 y 159 vx 0 vy -180 ground false fuel 0 bullets 2 tiles 55 cam 0.000 hp 3 enemies 0 over false water off
tick 317 x 142 y 157 vx 0 vy -150 ground false fuel 0 bullets 2 tiles 55 cam 0.000 hp 3 enemies 0 over false water off
tick 318 x 142 y 155 vx 0 vy -120 ground false fuel 0 bullets 2 tiles 55 cam 0.000 hp 3 enemies 0 over false water off
tick 319 x 142 y 153 vx 0 vy -90 ground false fuel 0 bullets 2 tiles 55 cam 0.000 hp 3 enemies 0 over false water off
tick 320 x 142 y 152 vx 0 vy -60 ground false fuel 0 bullets 2 tiles 55 cam 0.000 hp 3 enemies 0 over false water off
tick 321 x 142 y 151 vx 0 vy -45 ground false fuel 0 bullets 1 tiles 55 cam 0.000 hp 3 enemies 0 over false water off
tick 322 x 142 y 151 vx 0 vy -30 ground false fuel 0 bullets 1 tiles 55 cam 0.000 hp 3 enemies 0 over false water off
tick 323 x 142 y 151 vx 0 vy -15 ground false fuel 0 bullets 1 tiles 55 cam 0.000 hp 3 enemies 0 over false water off
tick 324 x 142 y 151 vx 0 vy 0 ground false fuel 0 bullets 1 tiles 55 cam 0.000 hp 3 enemies 0 over false water off
tick 325 x 142 y 151 vx 0 vy 15 ground false fuel 0 bullets 1 tiles 55 cam 0.000 hp 3 enemies 0 over false water off
tick 326 x 142 y 151 vx 0 vy 30 ground false fuel 0 bullets 1 tiles 55 cam 0.000 hp 3 enemies 0 over false water off
tick 327 x 142 y 152 vx 0 vy 45 ground false fuel 0 bullets 0 tiles 55 cam 0.000 hp 3 enemies 0 over false water off
tick 328 x 142 y 153 vx 0 vy 60 ground false fuel 0 bullets 0 tiles 55 cam 0.000 hp 3 enemies 0 over false water off
tick 329 x 142 y 154 vx 0 vy 75 ground false fuel 0 bullets 0 tiles 55 cam 0.000 hp 3 enemies 0 over false water off
tick 330 x 142 y 156 vx 0 vy 90 ground false fuel 0 bullets 0 tiles 55 cam 0.000 hp 3 enemies 0 over false water off
tick 331 x 142 y 158 vx 0 vy 120 ground false fuel 0 bullets 0 tiles 55 cam 0.000 hp 3 enemies 0 over false water off
tick 332 x 142 y 160 vx 0 vy 150 ground false fuel 0 bullets 0 tiles 55 cam 0.000 hp 3 enemies 0 over false water off
tick 333 x 142 y 163 vx 0 vy 180 ground false fuel 0 bullets 0 tiles 55 cam 0.000 hp 3 enemies 0 over false water off
tick 334 x 142 y 167 vx 0 vy 210 ground false fuel 0 bullets 0 tiles 55 cam 0.000 hp 3 enemies 0 over false water off
tick 335 x 142 y 171 vx 0 vy 240 ground false fuel 0 bullets 0 tiles 55 cam 0.000 hp 3 enemies 0 over false water off
tick 336 x 142 y 175 vx 0 vy 270 ground false fuel 0 bullets 0 tiles 55 cam 0.000 hp 3 enemies 0 over false water off
tick 337 x 142 y 180 vx 0 vy 300 ground false fuel 0 bullets 0 tiles 55 cam 0.000 hp 3 enemies 0 over false water off
tick 338 x 142 y 186 vx 0 vy 320 ground false fuel 0 bullets 0 tiles 55 cam 0.000 hp 3 enemies 0 over false water off
tick 339 x 142 y 191 vx 0 vy 320 ground false fuel 0 bullets 0 tiles 55 cam 0.000 hp 3 enemies 0 over false water off
tick 340 x 142 y 196 vx 0 vy 320 ground false fuel 0 bullets 0 tiles 55 cam 0.000 hp 3 enemies 0 over false water off
tick 341 x 142 y 202 vx 0 vy 320 ground false fuel 0 bullets 0 tiles 55 cam 0.000 hp 3 enemies 0 over false water off
tick 342 x 142 y 207 vx 0 vy 320 ground false fuel 0 bullets 0 tiles 55 cam 0.000 hp 3 enemies 0 over false water off
tick 343 x 142 y 212 vx 0 vy 320 ground false fuel 0 bullets 0 tiles 55 cam 0.000 hp 3 enemies 0 over false water off
tick 344 x 142 y 218 vx 0 vy 320 ground false fuel 0 bullets 0 tiles 55 cam 0.000 hp 3 enemies 0 over false water off
tick 345 x 142 y 223 vx 0 vy 320 ground false fuel 0 bullets 0 tiles 55 cam 0.000 hp 3 enemies 0 over false water off
tick 346 x 142 y 228 vx 0 vy 320 ground false fuel 0 bullets 0 tiles 55 cam 0.000 hp 3 enemies 0 over false water off
tick 347 x 142 y 234 vx 0 vy 320 ground false fuel 0 bullets 0 tiles 55 cam 0.000 hp 3 enemies 0 over false water off
tick 348 x 142 y 239 vx 0 vy 320 ground false fuel 0 bullets 0 tiles 55 cam 0.000 hp 3 enemies 0 over false water off
tick 349 x 142 y 244 vx 0 vy 320 ground false fuel 0 bullets 0 tiles 55 cam 0.000 hp 3 enemies 0 over false water off
tick 350 x 142 y 250 vx 0 vy 320 ground false fuel 0 bullets 0 tiles 55 cam 0.000 hp 3 enemies 0 over false water off
tick 351 x 142 y 255 vx 0 vy 320 ground false fuel 0 bullets 0 tiles 55 cam 0.000 hp 3 enemies 0 over false water off
tick 352 x 142 y 260 vx 0 vy 320 ground false fuel 0 bullets 0 tiles 55 cam 0.000 hp 3 enemies 0 over false water off
tick 353 x 142 y 266 vx 0 vy 320 ground false fuel 0 bullets 0 tiles 55 cam 0.000 hp 3 enemies 0 over false water off
tick 354 x 142 y 271 vx 0 vy 320 ground false fuel 0 bullets 0 tiles 55 cam 0.000 hp 3 enemies 0 over false water off
tick 355 x 142 y 276 vx 0 vy 320 ground false fuel 0 bullets 0 tiles 55 cam 0.000 hp 3 enemies 0 over false water off
tick 356 x 142 y 282 vx 0 vy 320 ground false fuel 0 bullets 0 tiles 55 cam 0.000 hp 3 enemies 0 over false water off
tick 357 x 142 y 287 vx 0 vy 320 ground false fuel 0 bullets 0 tiles 55 cam 0.000 hp 3 enemies 0 over false water off
tick 358 x 142 y 292 vx 0 vy 320 ground false fuel 0 bullets 0 tiles 55 cam 0.000 hp 3 enemies 0 over false water off
tick 359 x 142 y 298 vx 0 vy 320 ground false fuel 0 bullets 0 tiles 55 cam 0.000 hp 3 enemies 0 over false water off
tick 360 x 142 y 303 vx 0 vy 320 ground false fuel 0 bullets 0 tiles 55 cam 0.000 hp 3 enemies 0 over false water off
tick 361 x 142 y 308 vx 0 vy 320 ground false fuel 0 bullets 0 tiles 55 cam 0.000 hp 3 enemies 0 over false water off
tick 362 x 142 y 314 vx 0 vy 320 ground false fuel 0 bullets 0 tiles 55 cam 0.000 hp 3 enemies 0 over false water off
tick 363 x 142 y 316 vx 0 vy 0 ground true fuel 8 bullets 0 tiles 55 cam 0.000 hp 3 enemies 0 over false water off
tick 364 x 142 y 316 vx 0 vy 0 ground true fuel 8 bullets 0 tiles 55 cam 0.000 hp 3 enemies 0 over false water off
tick 365 x 142 y 316 vx 0 vy 0 ground true fuel 8 bullets 0 tiles 55 cam 0.000 hp 3 enemies 0 over false water off
tick 366 x 142 y 316 vx 0 vy 0 ground true fuel 8 bullets 0 tiles 55 cam 0.000 hp 3 enemies 0 over false water off
tick 367 x 142 y 316 vx 0 vy 0 ground true fuel 8 bullets 0 tiles 55 cam 0.000 hp 3 enemies 0 over false water off
tick 368 x 142 y 316 vx 0 vy 0 ground true fuel 8 bullets 0 tiles 55 cam 0.000 hp 3 enemies 0 over false water off
tick 369 x 142 y 316 vx 0 vy 0 ground true fuel 8 bullets 0 tiles 55 cam 0.000 hp 3 enemies 0 over false water off
tick 370 x 142 y 316 vx 0 vy 0 ground true fuel 8 bullets 0 tiles 55 cam 0.000 hp 3 enemies 0 over false water off
tick 371 x 142 y 316 vx 0 vy 0 ground true fuel 8 bullets 0 tiles 55 cam 0.000 hp 3 enemies 0 over false water off
tick 372 x 142 y 316 vx 0 vy 0 ground true fuel 8 bullets 0 tiles 55 cam 0.000 hp 3 enemies 0 over false water off
tick 373 x 142 y 316 vx 0 vy 0 ground true fuel 8 bullets 0 tiles 55 cam 0.000 hp 3 enemies 0 over false water off
tick 374 x 142 y 316 vx 0 vy 0 ground true fuel 8 bullets 0 tiles 55 cam 0.000 hp 3 enemies 0 over false water off
tick 375 x 142 y 316 vx 0 vy 0 ground true fuel 8 bullets 0 tiles 55 cam 0.000 hp 3 enemies 0 over false water off
tick 376 x 142 y 316 vx 0 vy 0 ground true fuel 8 bullets 0 tiles 55 cam 0.000 hp 3 enemies 0 over false water off
tick 377 x 142 y 316 vx 0 vy 0 ground true fuel 8 bullets 0 tiles 55 cam 0.000 hp 3 enemies 0 over false water off
tick 378 x 142 y 316 vx 0 vy 0 ground true fuel 8 bullets 0 tiles 55 cam 0.000 hp 3 enemies 0 over false water off
tick 379 x 142 y 316 vx 0 vy 0 ground true fuel 8 bullets 0 tiles 55 cam 0.000 hp 3 enemies 0 over false water off
tick 380 x 142 y 316 vx 0 vy 0 ground true fuel 8 bullets 0 tiles 55 cam 0.000 hp 3 enemies 0 over false water off
tick 381 x 142 y 316 vx 0 vy 0 ground true fuel 8 bullets 0 tiles 55 cam 0.000 hp 3 enemies 0 over false water off
tick 382 x 142 y 316 vx 0 vy 0 ground true fuel 8 bullets 0 tiles 55 cam 0.000 hp 3 enemies 0 over false water off
tick 383 x 142 y 316 vx 0 vy 0 ground true fuel 8 bullets 0 tiles 55 cam 0.000 hp 3 enemies 0 over false water off
tick 384 x 142 y 316 vx 0 vy 0 ground true fuel 8 bullets 0 tiles 55 cam 0.000 hp 3 enemies 0 over false water off
tick 385 x 142 y 316 vx 0 vy 0 ground true fuel 8 bullets 0 tiles 55 cam 0.000 hp 3 enemies 0 over false water off
tick 386 x 142 y 316 vx 0 vy 0 ground true fuel 8 bullets 0 tiles 55 cam 0.000 hp 3 enemies 0 over false water off
tick 387 x 142 y 316 vx 0 vy 0 ground true fuel 8 bullets 0 tiles 55 cam 0.000 hp 3 enemies 0 over false water off
tick 388 x 142 y 316 vx 0 vy 0 ground true fuel 8 bullets 0 tiles 55 cam 0.000 hp 3 enemies 0 over false water off
tick 389 x 142 y 316 vx 0 vy 0 ground true fuel 8 bullets 0 tiles 55 cam 0.000 hp 3 enemies 0 over false water off
tick 390 x 142 y 316 vx 0 vy 0 ground true fuel 8 bullets 0 tiles 55 cam 0.000 hp 3 enemies 0 over false water off
tick 391 x 142 y 316 vx 0 vy 0 ground true fuel 8 bullets 0 tiles 55 cam 0.000 hp 3 enemies 0 over false water off
tick 392 x 142 y 316 vx 0 vy 0 ground true fuel 8 bullets 0 tiles 55 cam 0.000 hp 3 enemies 0 over false water off
tick 393 x 142 y 316 vx 0 vy 0 ground true fuel 8 bullets 0 tiles 55 cam 0.000 hp 3 enemies 0 over false water off
tick 394 x 142 y 316 vx 0 vy 0 ground true fuel 8 bullets 0 tiles 55 cam 0.000 hp 3 enemies 0 over false water off
tick 395 x 142 y 316 vx 0 vy 0 ground true fuel 8 bullets 0 tiles 55 cam 0.000 hp 3 enemies 0 over false water off
tick 396 x 142 y 316 vx 0 vy 0 ground true fuel 8 bullets 0 tiles 55 cam 0.000 hp 3 enemies 0 over false water off
tick 397 x 142 y 316 vx 0 vy 0 ground true fuel 8 bullets 0 tiles 55 cam 0.000 hp 3 enemies 0 over false water off
tick 398 x 142 y 316 vx 0 vy 0 ground true fuel 8 bullets 0 tiles 55 cam 0.000 hp 3 enemies 0 over false water off
tick 399 x 142 y 316 vx 0 vy 0 ground true fuel 8 bullets 0 tiles 55 cam 0.000 hp 3 enemies 0 over false water off
tick 400 x 142 y 316 vx 0 vy 0 ground true fuel 8 bullets 0 tiles 55 cam 0.000 hp 3 enemies 0 over false water off
