tick 0 x 98 y 0 vx 0 vy 0 ground false fuel 8 bullets 0 tiles 70 cam 0.000 hp 4 enemies 0 over false water off clear -
tick 1 x 98 y 0 vx 0 vy 30 ground false fuel 8 bullets 0 tiles 70 cam 0.000 hp 4 enemies 0 over false water off clear -
tick 2 x 98 y 2 vx 0 vy 60 ground false fuel 8 bullets 0 tiles 70 cam 0.000 hp 4 enemies 0 over false water off clear -
tick 3 x 98 y 3 vx 0 vy 90 ground false fuel 8 bullets 0 tiles 70 cam 0.000 hp 4 enemies 0 over false water off clear -
tick 4 x 98 y 5 vx 0 vy 120 ground false fuel 8 bullets 0 tiles 70 cam 0.000 hp 4 enemies 0 over false water off clear -
tick 5 x 98 y 7 vx 0 vy 150 ground false fuel 8 bullets 0 tiles 70 cam 0.000 hp 4 enemies 0 over false water off clear -
tick 6 x 98 y 11 vx 0 vy 180 ground false fuel 8 bullets 0 tiles 70 cam 0.000 hp 4 enemies 0 over false water off clear -
tick 7 x 98 y 14 vx 0 vy 210 ground false fuel 8 bullets 0 tiles 70 cam 0.000 hp 4 enemies 0 over false water off clear -
tick 8 x 98 y 18 vx 0 vy 240 ground false fuel 8 bullets 0 tiles 70 cam 0.000 hp 4 enemies 0 over false water off clear -
tick 9 x 98 y 22 vx 0 vy 270 ground false fuel 8 bullets 0 tiles 70 cam 0.000 hp 4 enemies 0 over false water off clear -
tick 10 x 98 y 28 vx 0 vy 300 ground false fuel 8 bullets 0 tiles 70 cam 0.000 hp 4 enemies 0 over false water off clear -
tick 11 x 98 y 33 vx 0 vy 320 ground false fuel 8 bullets 0 tiles 70 cam 0.000 hp 4 enemies 0 over false water off clear -
tick 12 x 98 y 38 vx 0 vy 320 ground false fuel 8 bullets 0 tiles 70 cam 0.000 hp 4 enemies 0 over false water off clear -
tick 13 x 98 y 43 vx 0 vy 320 ground false fuel 8 bullets 0 tiles 70 cam 0.000 hp 4 enemies 0 over false water off clear -
tick 14 x 98 y 44 vx 0 vy 0 ground true fuel 8 bullets 0 tiles 70 cam 0.000 hp 4 enemies 0 over false water off clear -
tick 15 x 98 y 44 vx 0 vy 0 ground true fuel 8 bullets 0 tiles 70 cam 0.000 hp 4 enemies 0 over false water off clear -
tick 16 x 98 y 44 vx 0 vy 0 ground true fuel 8 bullets 0 tiles 70 cam 0.000 hp 4 enemies 0 over false water off clear -
tick 17 x 98 y 44 vx 0 vy 0 ground true fuel 8 bullets 0 tiles 70 cam 0.000 hp 4 enemies 0 over false water off clear -
tick 18 x 98 y 44 vx 0 vy 0 ground true fuel 8 bullets 0 tiles 70 cam 0.000 hp 4 enemies 0 over false water off clear -
tick 19 x 98 y 44 vx 0 vy 0 ground true fuel 8 bullets 0 tiles 70 cam 0.000 hp 4 enemies 0 over false water off clear -
tick 20 x 98 y 44 vx 0 vy 0 ground true fuel 8 bullets 0 tiles 70 cam 0.000 hp 4 enemies 0 over false water off clear -
tick 21 x 98 y 44 vx 0 vy 0 ground true fuel 8 bullets 0 tiles 70 cam 0.000 hp 4 enemies 0 over false water off clear -
tick 22 x 98 y 44 vx 0 vy 0 ground true fuel 8 bullets 0 tiles 70 cam 0.000 hp 4 enemies 0 over false water off clear -
tick 23 x 98 y 44 vx 0 vy 0 ground true fuel 8 bullets 0 tiles 70 cam 0.000 hp 4 enemies 0 over false water off clear -
tick 24 x 98 y 44 vx 0 vy 0 ground true fuel 8 bullets 0 tiles 70 cam 0.000 hp 4 enemies 0 over false water off clear -
tick 25 x 98 y 44 vx 0 vy 0 ground true fuel 8 bullets 0 tiles 70 cam 0.000 hp 4 enemies 0 over false water off clear -
tick 26 x 98 y 44 vx 0 vy 0 ground true fuel 8 bullets 0 tiles 70 cam 0.000 hp 4 enemies 0 over false water off clear -
tick 27 x 98 y 44 vx 0 vy 0 ground true fuel 8 bullets 0 tiles 70 cam 0.000 hp 4 enemies 0 over false water off clear -
tick 28 x 98 y 44 vx 0 vy 0 ground true fuel 8 bullets 0 tiles 70 cam 0.000 hp 4 enemies 0 over false water off clear -
tick 29 x 98 y 44 vx 0 vy 0 ground true fuel 8 bullets 0 tiles 70 cam 0.000 hp 4 enemies 0 over false water off clear -
tick 30 x 98 y 44 vx 0 vy 0 ground true fuel 8 bullets 0 tiles 70 cam 0.000 hp 4 enemies 0 over false water off clear -
tick 31 x 98 y 40 vx 0 vy -210 ground false fuel 8 bullets 0 tiles 70 cam 0.000 hp 4 enemies 0 over false water off clear -
tick 32 x 98 y 37 vx 0 vy -210 ground false fuel 8 bullets 0 tiles 70 cam 0.000 hp 4 enemies 0 over false water off clear -
tick 33 x 98 y 33 vx 0 vy -210 ground false fuel 8 bullets 0 tiles 70 cam 0.000 hp 4 enemies 0 over false water off clear -
tick 34 x 98 y 30 vx 0 vy -210 ground false fuel 8 bullets 0 tiles 70 cam 0.000 hp 4 enemies 0 over false water off clear -
tick 35 x 98 y 26 vx 0 vy -210 ground false fuel 8 bullets 0 tiles 70 cam 0.000 hp 4 enemies 0 over false water off clear -
tick 36 x 98 y 23 vx 0 vy -210 ground false fuel 8 bullets 0 tiles 70 cam 0.000 hp 4 enemies 0 over false water off clear -
tick 37 x 98 y 20 vx 0 vy -180 ground false fuel 8 bullets 0 tiles 70 cam 0.000 hp 4 enemies 0 over false water off clear -
tick 38 x 98 y 18 vx 0 vy -150 ground false fuel 8 bullets 0 tiles 70 cam 0.000 hp 4 enemies 0 over false water off clear -
tick 39 x 98 y 16 vx 0 vy -120 ground false fuel 8 bullets 0 tiles 70 cam 0.000 hp 4 enemies 0 over false water off clear -
tick 40 x 98 y 14 vx 0 vy -90 ground false fuel 8 bullets 0 tiles 70 cam 0.000 hp 4 enemies 0 over false water off clear -
tick 41 x 98 y 10 vx 0 vy -240 ground false fuel 7 bullets 1 tiles 70 cam 0.000 hp 4 enemies 0 over false water off clear -
tick 42 x 98 y 6 vx 0 vy -210 ground false fuel 7 bullets 1 tiles 70 cam 0.000 hp 4 enemies 0 over false water off clear -
tick 43 x 98 y 4 vx 0 vy -180 ground false fuel 7 bullets 1 tiles 70 cam 0.000 hp 4 enemies 0 over false water off clear -
tick 44 x 98 y 1 vx 0 vy -150 ground false fuel 7 bullets 1 tiles 70 cam 0.000 hp 4 enemies 0 over false water off clear -
tick 45 x 98 y -1 vx 0 vy -120 ground false fuel 7 bullets 0 tiles 70 cam 0.000 hp 4 enemies 0 over false water off clear -
tick 46 x 98 y -3 vx 0 vy -90 ground false fuel 7 bullets 0 tiles 70 cam 0.000 hp 4 enemies 0 over false water off clear -
tick 47 x 98 y -7 vx 0 vy -240 ground false fuel 6 bullets 1 tiles 70 cam 0.000 hp 4 enemies 0 over false water off clear -
tick 48 x 98 y -10 vx 0 vy -210 ground false fuel 6 bullets 1 tiles 70 cam 0.000 hp 4 enemies 0 over false water off clear -
tick 49 x 98 y -13 vx 0 vy -180 ground false fuel 6 bullets 1 tiles 70 cam 0.000 hp 4 enemies 0 over false water off clear -
tick 50 x 98 y -15 vx 0 vy -150 ground false fuel 6 bullets 1 tiles 70 cam 0.000 hp 4 enemies 0 over false water off clear -
tick 51 x 98 y -17 vx 0 vy -120 ground false fuel 6 bullets 1 tiles 70 cam 0.000 hp 4 enemies 0 over false water off clear -
tick 52 x 98 y -19 vx 0 vy -90 ground false fuel 6 bullets 1 tiles 70 cam 0.000 hp 4 enemies 0 over false water off clear -
tick 53 x 98 y -23 vx 0 vy -240 ground false fuel 5 bullets 1 tiles 70 cam 0.000 hp 4 enemies 0 over false water off clear -
tick 54 x 98 y -27 vx 0 vy -210 ground false fuel 5 bullets 1 tiles 70 cam 0.000 hp 4 enemies 0 over false water off clear -
tick 55 x 98 y -29 vx 0 vy -180 ground false fuel 5 bullets 1 tiles 70 cam 0.000 hp 4 enemies 0 over false water off clear -
tick 56 x 98 y -32 vx 0 vy -150 ground false fuel 5 bullets 1 tiles 70 cam 0.000 hp 4 enemies 0 over false water off clear -
tick 57 x 98 y -34 vx 0 vy -120 ground false fuel 5 bullets 1 tiles 70 cam 0.000 hp 4 enemies 0 over false water off clear -
tick 58 x 98 y -36 vx 0 vy -90 ground false fuel 5 bullets 1 tiles 70 cam 0.000 hp 4 enemies 0 over false water off clear -
tick 59 x 98 y -40 vx 0 vy -240 ground false fuel 4 bullets 2 tiles 70 cam 0.000 hp 4 enemies 0 over false water off clear -
tick 60 x 98 y -43 vx 0 vy -210 ground false fuel 4 bullets 2 tiles 70 cam 0.000 hp 4 enemies 0 over false water off clear -
tick 61 x 98 y -46 vx 0 vy -180 ground false fuel 4 bullets 1 tiles 70 cam 0.000 hp 4 enemies 0 over false water off clear -
tick 62 x 98 y -48 vx 0 vy -150 ground false fuel 4 bullets 1 tiles 70 cam 0.000 hp 4 enemies 0 over false water off clear -
tick 63 x 98 y -50 vx 0 vy -120 ground false fuel 4 bullets 1 tiles 70 cam 0.000 hp 4 enemies 0 over false water off clear -
tick 64 x 98 y -52 vx 0 vy -90 ground false fuel 4 bullets 1 tiles 70 cam 0.000 hp 4 enemies 0 over false water off clear -
tick 65 x 98 y -56 vx 0 vy -240 ground false fuel 3 bullets 2 tiles 70 cam 0.000 hp 4 enemies 0 over false water off clear -
tick 66 x 98 y -60 vx 0 vy -210 ground false fuel 3 bullets 2 tiles 70 cam 0.000 hp 4 enemies 0 over false water off clear -
tick 67 x 98 y -62 vx 0 vy -180 ground false fuel 3 bullets 2 tiles 70 cam 0.000 hp 4 enemies 0 over false water off clear -
tick 68 x 98 y -65 vx 0 vy -150 ground false fuel 3 bullets 2 tiles 70 cam 0.000 hp 4 enemies 0 over false water off clear -
tick 69 x 98 y -67 vx 0 vy -120 ground false fuel 3 bullets 1 tiles 70 cam 0.000 hp 4 enemies 0 over false water off clear -
tick 70 x 98 y -69 vx 0 vy -90 ground false fuel 3 bullets 1 tiles 70 cam 0.000 hp 4 enemies 0 over false water off clear -
tick 71 x 98 y -73 vx 0 vy -240 ground false fuel 2 bullets 2 tiles 70 cam 0.000 hp 4 enemies 0 over false water off clear -
tick 72 x 98 y -76 vx 0 vy -210 ground false fuel 2 bullets 2 tiles 70 cam 0.000 hp 4 enemies 0 over false water off clear -
tick 73 x 98 y -79 vx 0 vy -180 ground false fuel 2 bullets 2 tiles 70 cam 0.000 hp 4 enemies 0 over false water off clear -
tick 74 x 98 y -81 vx 0 vy -150 ground false fuel 2 bullets 2 tiles 70 cam 0.000 hp 4 enemies 0 over false water off clear -
tick 75 x 98 y -83 vx 0 vy -120 ground false fuel 2 bullets 2 tiles 70 cam 0.000 hp 4 enemies 0 over false water off clear -
tick 76 x 98 y -85 vx 0 vy -90 ground false fuel 2 bullets 2 tiles 70 cam 0.000 hp 4 enemies 0 over false water off clear -
tick 77 x 98 y -89 vx 0 vy -240 ground false fuel 1 bullets 2 tiles 70 cam 0.000 hp 4 enemies 0 over false water off clear -
tick 78 x 98 y -93 vx 0 vy -210 ground false fuel 1 bullets 2 tiles 70 cam 0.000 hp 4 enemies 0 over false water off clear -
tick 79 x 98 y -95 vx 0 vy -180 ground false fuel 1 bullets 2 tiles 70 cam 0.000 hp 4 enemies 0 over false water off clear -
tick 80 x 98 y -98 vx 0 vy -150 ground false fuel 1 bullets 2 tiles 70 cam 0.000 hp 4 enemies 0 over false water off clear -
tick 81 x 98 y -100 vx 0 vy -120 ground false fuel 1 bullets 2 tiles 70 cam 0.000 hp 4 enemies 0 over false water off clear -
tick 82 x 98 y -102 vx 0 vy -90 ground false fuel 1 bullets 2 tiles 70 cam 0.000 hp 4 enemies 0 over false water off clear -
tick 83 x 98 y -106 vx 0 vy -240 ground false fuel 0 bullets 3 tiles 70 cam 0.000 hp 4 enemies 0 over false water off clear -
tick 84 x 98 y -109 vx 0 vy -210 ground false fuel 0 bullets 2 tiles 70 cam 0.000 hp 4 enemies 0 over false water off clear -
tick 85 x 98 y -112 vx 0 vy -180 ground false fuel 0 bullets 2 tiles 70 cam 0.000 hp 4 enemies 0 over false water off clear -
tick 86 x 98 y -114 vx 0 vy -150 ground false fuel 0 bullets 2 tiles 70 cam 0.000 hp 4 enemies 0 over false water off clear -
tick 87 x 98 y -116 vx 0 vy -120 ground false fuel 0 bullets 2 tiles 70 cam 0.000 hp 4 enemies 0 over false water off clear -
tick 88 x 98 y -118 vx 0 vy -90 ground false fuel 0 bullets 2 tiles 70 cam 0.000 hp 4 enemies 0 over false water off clear -
tick 89 x 98 y -119 vx 0 vy -60 ground false fuel 0 bullets 2 tiles 70 cam 0.000 hp 4 enemies 0 over false water off clear -
tick 90 x 98 y -120 vx 0 vy -45 ground false fuel 0 bullets 1 tiles 70 cam 0.000 hp 4 enemies 0 over false water off clear -
tick 91 x 98 y -120 vx 0 vy -30 ground false fuel 0 bullets 1 tiles 70 cam 0.000 hp 4 enemies 0 over false water off clear -
tick 92 x 98 y -120 vx 0 vy -15 ground false fuel 0 bullets 1 tiles 70 cam 0.000 hp 4 enemies 0 over false water off clear -
tick 93 x 98 y -120 vx 0 vy 0 ground false fuel 0 bullets 1 tiles 70 cam 0.000 hp 4 enemies 0 over false water off clear -
tick 94 x 98 y -120 vx 0 vy 15 ground false fuel 0 bullets 1 tiles 70 cam 0.000 hp 4 enemies 0 over false water off clear -
tick 95 x 98 y -120 vx 0 vy 30 ground false fuel 0 bullets 1 tiles 70 cam 0.000 hp 4 enemies 0 over false water off clear -
tick 96 x 98 y -119 vx 0 vy 45 ground false fuel 0 bullets 0 tiles 70 cam 0.000 hp 4 enemies 0 over false water off clear -
tick 97 x 98 y -118 vx 0 vy 60 ground false fuel 0 bullets 0 tiles 70 cam 0.000 hp 4 enemies 0 over false water off clear -
tick 98 x 98 y -117 vx 0 vy 75 ground false fuel 0 bullets 0 tiles 70 cam 0.000 hp 4 enemies 0 over false water off clear -
tick 99 x 98 y -115 vx 0 vy 90 ground false fuel 0 bullets 0 tiles 70 cam 0.000 hp 4 enemies 0 over false water off clear -
tick 100 x 98 y -113 vx 0 vy 120 ground false fuel 0 bullets 0 tiles 70 cam 0.000 hp 4 enemies 0 over false water off clear -
tick 101 x 98 y -111 vx 0 vy 150 ground false fuel 0 bullets 0 tiles 70 cam 0.000 hp 4 enemies 0 over false water off clear -
tick 102 x 98 y -108 vx 0 vy 180 ground false fuel 0 bullets 0 tiles 70 cam 0.000 hp 4 enemies 0 over false water off clear -
tick 103 x 98 y -104 vx 0 vy 210 ground false fuel 0 bullets 0 tiles 70 cam 0.000 hp 4 enemies 0 over false water off clear -
tick 104 x 98 y -100 vx 0 vy 240 ground false fuel 0 bullets 0 tiles 70 cam 0.000 hp 4 enemies 0 over false water off clear -
tick 105 x 98 y -96 vx 0 vy 270 ground false fuel 0 bullets 0 tiles 70 cam 0.000 hp 4 enemies 0 over false water off clear -
tick 106 x 98 y -91 vx 0 vy 300 ground false fuel 0 bullets 0 tiles 70 cam 0.000 hp 4 enemies 0 over false water off clear -
tick 107 x 98 y -85 vx 0 vy 320 ground false fuel 0 bullets 0 tiles 70 cam 0.000 hp 4 enemies 0 over false water off clear -
tick 108 x 98 y -80 vx 0 vy 320 ground false fuel 0 bullets 0 tiles 70 cam 0.000 hp 4 enemies 0 over false water off clear -
tick 109 x 98 y -75 vx 0 vy 320 ground false fuel 0 bullets 0 tiles 70 cam 0.000 hp 4 enemies 0 over false water off clear -
tick 110 x 98 y -69 vx 0 vy 320 ground false fuel 0 bullets 0 tiles 70 cam 0.000 hp 4 enemies 0 over false water off clear -
tick 111 x 98 y -64 vx 0 vy 320 ground false fuel 0 bullets 0 tiles 70 cam 0.000 hp 4 enemies 0 over false water off clear -
tick 112 x 98 y -59 vx 0 vy 320 ground false fuel 0 bullets 0 tiles 70 cam 0.000 hp 4 enemies 0 over false water off clear -
tick 113 x 98 y -53 vx 0 vy 320 ground false fuel 0 bullets 0 tiles 70 cam 0.000 hp 4 enemies 0 over false water off clear -
tick 114 x 98 y -48 vx 0 vy 320 ground false fuel 0 bullets 0 tiles 70 cam 0.000 hp 4 enemies 0 over false water off clear -
tick 115 x 98 y -43 vx 0 vy 320 ground false fuel 0 bullets 0 tiles 70 cam 0.000 hp 4 enemies 0 over false water off clear -
tick 116 x 98 y -37 vx 0 vy 320 ground false fuel 0 bullets 0 tiles 70 cam 0.000 hp 4 enemies 0 over false water off clear -
tick 117 x 98 y -32 vx 0 vy 320 ground false fuel 0 bullets 0 tiles 70 cam 0.000 hp 4 enemies 0 over false water off clear -
tick 118 x 98 y -27 vx 0 vy 320 ground false fuel 0 bullets 0 tiles 70 cam 0.000 hp 4 enemies 0 over false water off clear -
tick 119 x 98 y -21 vx 0 vy 320 ground false fuel 0 bullets 0 tiles 70 cam 0.000 hp 4 enemies 0 over false water off clear -
tick 120 x 98 y -16 vx 0 vy 320 ground false fuel 0 bullets 0 tiles 70 cam 0.000 hp 4 enemies 0 over false water off clear -
tick 121 x 98 y -11 vx 0 vy 320 ground false fuel 0 bullets 0 tiles 70 cam 0.000 hp 4 enemies 0 over false water off clear -
tick 122 x 98 y -5 vx 0 vy 320 ground false fuel 0 bullets 0 tiles 70 cam 0.000 hp 4 enemies 0 over false water off clear -
tick 123 x 98 y 0 vx 0 vy 320 ground false fuel 0 bullets 0 tiles 70 cam 0.000 hp 4 enemies 0 over false water off clear -
tick 124 x 98 y 5 vx 0 vy 320 ground false fuel 0 bullets 0 tiles 70 cam 0.000 hp 4 enemies 0 over false water off clear -
tick 125 x 98 y 11 vx 0 vy 320 ground false fuel 0 bullets 0 tiles 70 cam 0.000 hp 4 enemies 0 over false water off clear -
tick 126 x 98 y 16 vx 0 vy 320 ground false fuel 0 bullets 0 tiles 70 cam 0.000 hp 4 enemies 0 over false water off clear -
tick 127 x 98 y 21 vx 0 vy 320 ground false fuel 0 bullets 0 tiles 70 cam 0.000 hp 4 enemies 0 over false water off clear -
tick 128 x 98 y 27 vx 0 vy 320 ground false fuel 0 bullets 0 tiles 70 cam 0.000 hp 4 enemies 0 over false water off clear -
tick 129 x 98 y 32 vx 0 vy 320 ground false fuel 0 bullets 0 tiles 70 cam 0.000 hp 4 enemies 0 over false water off clear -
tick 130 x 98 y 37 vx 0 vy 320 ground false fuel 0 bullets 0 tiles 70 cam 0.000 hp 4 enemies 0 over false water off clear -
tick 131 x 98 y 43 vx 0 vy 320 ground false fuel 0 bullets 0 tiles 70 cam 0.000 hp 4 enemies 0 over false water off clear -
tick 132 x 98 y 44 vx 0 vy 0 ground true fuel 8 bullets 0 tiles 70 cam 0.000 hp 4 enemies 0 over false water off clear -
tick 133 x 98 y 44 vx 0 vy 0 ground true fuel 8 bullets 0 tiles 70 cam 0.000 hp 4 enemies 0 over false water off clear -
tick 134 x 98 y 44 vx 0 vy 0 ground true fuel 8 bullets 0 tiles 70 cam 0.000 hp 4 enemies 0 over false water off clear -
tick 135 x 98 y 44 vx 0 vy 0 ground true fuel 8 bullets 0 tiles 70 cam 0.000 hp 4 enemies 0 over false water off clear -
tick 136 x 98 y 44 vx 0 vy 0 ground true fuel 8 bullets 0 tiles 70 cam 0.000 hp 4 enemies 0 over false water off clear -
tick 137 x 98 y 44 vx 0 vy 0 ground true fuel 8 bullets 0 tiles 70 cam 0.000 hp 4 enemies 0 over false water off clear -
tick 138 x 98 y 44 vx 0 vy 0 ground true fuel 8 bullets 0 tiles 70 cam 0.000 hp 4 enemies 0 over false water off clear -
tick 139 x 98 y 44 vx 0 vy 0 ground true fuel 8 bullets 0 tiles 70 cam 0.000 hp 4 enemies 0 over false water off clear -
tick 140 x 98 y 44 vx 0 vy 0 ground true fuel 8 bullets 0 tiles 70 cam 0.000 hp 4 enemies 0 over false water off clear -
tick 141 x 98 y 44 vx 0 vy 0 ground true fuel 8 bullets 0 tiles 70 cam 0.000 hp 4 enemies 0 over false water off clear -
tick 142 x 98 y 44 vx 0 vy 0 ground true fuel 8 bullets 0 tiles 70 cam 0.000 hp 4 enemies 0 over false water off clear -
tick 143 x 98 y 44 vx 0 vy 0 ground true fuel 8 bullets 0 tiles 70 cam 0.000 hp 4 enemies 0 over false water off clear -
tick 144 x 98 y 44 vx 0 vy 0 ground true fuel 8 bullets 0 tiles 70 cam 0.000 hp 4 enemies 0 over false water off clear -
tick 145 x 98 y 44 vx 0 vy 0 ground true fuel 8 bullets 0 tiles 70 cam 0.000 hp 4 enemies 0 over false water off clear -
tick 146 x 98 y 44 vx 0 vy 0 ground true fuel 8 bullets 0 tiles 70 cam 0.000 hp 4 enemies 0 over false water off clear -
tick 147 x 98 y 44 vx 0 vy 0 ground true fuel 8 bullets 0 tiles 70 cam 0.000 hp 4 enemies 0 over false water off clear -
tick 148 x 98 y 44 vx 0 vy 0 ground true fuel 8 bullets 0 tiles 70 cam 0.000 hp 4 enemies 0 over false water off clear -
tick 149 x 98 y 44 vx 0 vy 0 ground true fuel 8 bullets 0 tiles 70 cam 0.000 hp 4 enemies 0 over false water off clear -
tick 150 x 98 y 44 vx 0 vy 0 ground true fuel 8 bullets 0 tiles 70 cam 0.000 hp 4 enemies 0 over false water off clear -
tick 151 x 98 y 44 vx 0 vy 0 ground true fuel 8 bullets 0 tiles 70 cam 0.000 hp 4 enemies 0 over false water off clear -
tick 152 x 98 y 44 vx 0 vy 0 ground true fuel 8 bullets 0 tiles 70 cam 0.000 hp 4 enemies 0 over false water off clear -
tick 153 x 98 y 44 vx 0 vy 0 ground true fuel 8 bullets 0 tiles 70 cam 0.000 hp 4 enemies 0 over false water off clear -
tick 154 x 98 y 44 vx 0 vy 0 ground true fuel 8 bullets 0 tiles 70 cam 0.000 hp 4 enemies 0 over false water off clear -
tick 155 x 98 y 44 vx 0 vy 0 ground true fuel 8 bullets 0 tiles 70 cam 0.000 hp 4 enemies 0 over false water off clear -
tick 156 x 98 y 44 vx 0 vy 0 ground true fuel 8 bullets 0 tiles 70 cam 0.000 hp 4 enemies 0 over false water off clear -
tick 157 x 98 y 44 vx 0 vy 0 ground true fuel 8 bullets 0 tiles 70 cam 0.000 hp 4 enemies 0 over false water off clear -
tick 158 x 98 y 44 vx 0 vy 0 ground true fuel 8 bullets 0 tiles 70 cam 0.000 hp 4 enemies 0 over false water off clear -
tick 159 x 98 y 44 vx 0 vy 0 ground true fuel 8 bullets 0 tiles 70 cam 0.000 hp 4 enemies 0 over false water off clear -
tick 160 x 98 y 44 vx 0 vy 0 ground true fuel 8 bullets 0 tiles 70 cam 0.000 hp 4 enemies 0 over false water off clear -
tick 161 x 98 y 44 vx 0 vy 0 ground true fuel 8 bullets 0 tiles 70 cam 0.000 hp 4 enemies 0 over false water off clear -
tick 162 x 98 y 44 vx 0 vy 0 ground true fuel 8 bullets 0 tiles 70 cam 0.000 hp 4 enemies 0 over false water off clear -
tick 163 x 98 y 44 vx 0 vy 0 ground true fuel 8 bullets 0 tiles 70 cam 0.000 hp 4 enemies 0 over false water off clear -
tick 164 x 98 y 44 vx 0 vy 0 ground true fuel 8 bullets 0 tiles 70 cam 0.000 hp 4 enemies 0 over false water off clear -
tick 165 x 98 y 44 vx 0 vy 0 ground true fuel 8 bullets 0 tiles 70 cam 0.000 hp 4 enemies 0 over false water off clear -
tick 166 x 98 y 44 vx 0 vy 0 ground true fuel 8 bullets 0 tiles 70 cam 0.000 hp 4 enemies 0 over false water off clear -
tick 167 x 98 y 44 vx 0 vy 0 ground true fuel 8 bullets 0 tiles 70 cam 0.000 hp 4 enemies 0 over false water off clear -
tick 168 x 98 y 44 vx 0 vy 0 ground true fuel 8 bullets 0 tiles 70 cam 0.000 hp 4 enemies 0 over false water off clear -
tick 169 x 98 y 44 vx 0 vy 0 ground true fuel 8 bullets 0 tiles 70 cam 0.000 hp 4 enemies 0 over false water off clear -
tick 170 x 98 y 44 vx 0 vy 0 ground true fuel 8 bullets 0 tiles 70 cam 0.000 hp 4 enemies 0 over false water off clear -
tick 171 x 98 y 44 vx 0 vy 0 ground true fuel 8 bullets 0 tiles 70 cam 0.000 hp 4 enemies 0 over false water off clear -
tick 172 x 98 y 44 vx 0 vy 0 ground true fuel 8 bullets 0 tiles 70 cam 0.000 hp 4 enemies 0 over false water off clear -
tick 173 x 98 y 44 vx 0 vy 0 ground true fuel 8 bullets 0 tiles 70 cam 0.000 hp 4 enemies 0 over false water off clear -
tick 174 x 98 y 44 vx 0 vy 0 ground true fuel 8 bullets 0 tiles 70 cam 0.000 hp 4 enemies 0 over false water off clear -
tick 175 x 98 y 44 vx 0 vy 0 ground true fuel 8 bullets 0 tiles 70 cam 0.000 hp 4 enemies 0 over false water off clear -
tick 176 x 98 y 44 vx 0 vy 0 ground true fuel 8 bullets 0 tiles 70 cam 0.000 hp 4 enemies 0 over false water off clear -
tick 177 x 98 y 44 vx 0 vy 0 ground true fuel 8 bullets 0 tiles 70 cam 0.000 hp 4 enemies 0 over false water off clear -
tick 178 x 98 y 44 vx 0 vy 0 ground true fuel 8 bullets 0 tiles 70 cam 0.000 hp 4 enemies 0 over false water off clear -
tick 179 x 98 y 44 vx 0 vy 0 ground true fuel 8 bullets 0 tiles 70 cam 0.000 hp 4 enemies 0 over false water off clear -
tick 180 x 98 y 44 vx 0 vy 0 ground true fuel 8 bullets 0 tiles 70 cam 0.000 hp 4 enemies 0 over false water off clear -
tick 181 x 98 y 44 vx 0 vy 0 ground true fuel 8 bullets 0 tiles 70 cam 0.000 hp 4 enemies 0 over false water off clear -
tick 182 x 98 y 44 vx 0 vy 0 ground true fuel 8 bullets 0 tiles 70 cam 0.000 hp 4 enemies 0 over false water off clear -
tick 183 x 98 y 44 vx 0 vy 0 ground true fuel 8 bullets 0 tiles 70 cam 0.000 hp 4 enemies 0 over false water off clear -
tick 184 x 98 y 44 vx 0 vy 0 ground true fuel 8 bullets 0 tiles 70 cam 0.000 hp 4 enemies 0 over false water off clear -
tick 185 x 98 y 44 vx 0 vy 0 ground true fuel 8 bullets 0 tiles 70 cam 0.000 hp 4 enemies 0 over false water off clear -
tick 186 x 98 y 44 vx 0 vy 0 ground true fuel 8 bullets 0 tiles 70 cam 0.000 hp 4 enemies 0 over false water off clear -
tick 187 x 98 y 44 vx 0 vy 0 ground true fuel 8 bullets 0 tiles 70 cam 0.000 hp 4 enemies 0 over false water off clear -
tick 188 x 98 y 44 vx 0 vy 0 ground true fuel 8 bullets 0 tiles 70 cam 0.000 hp 4 enemies 0 over false water off clear -
tick 189 x 98 y 44 vx 0 vy 0 ground true fuel 8 bullets 0 tiles 70 cam 0.000 hp 4 enemies 0 over false water off clear -
tick 190 x 98 y 44 vx 0 vy 0 ground true fuel 8 bullets 0 tiles 70 cam 0.000 hp 4 enemies 0 over false water off clear -
tick 191 x 98 y 44 vx 0 vy 0 ground true fuel 8 bullets 0 tiles 70 cam 0.000 hp 4 enemies 0 over false water off clear -
tick 192 x 98 y 44 vx 0 vy 0 ground true fuel 8 bullets 0 tiles 70 cam 0.000 hp 4 enemies 0 over false water off clear -
tick 193 x 98 y 44 vx 0 vy 0 ground true fuel 8 bullets 0 tiles 70 cam 0.000 hp 4 enemies 0 over false water off clear -
tick 194 x 98 y 44 vx 0 vy 0 ground true fuel 8 bullets 0 tiles 70 cam 0.000 hp 4 enemies 0 over false water off clear -
tick 195 x 98 y 44 vx 0 vy 0 ground true fuel 8 bullets 0 tiles 70 cam 0.000 hp 4 enemies 0 over false water off clear -
tick 196 x 98 y 44 vx 0 vy 0 ground true fuel 8 bullets 0 tiles 70 cam 0.000 hp 4 enemies 0 over false water off clear -
tick 197 x 98 y 44 vx 0 vy 0 ground true fuel 8 bullets 0 tiles 70 cam 0.000 hp 4 enemies 0 over false water off clear -
tick 198 x 98 y 44 vx 0 vy 0 ground true fuel 8 bullets 0 tiles 70 cam 0.000 hp 4 enemies 0 over false water off clear -
tick 199 x 98 y 44 vx 0 vy 0 ground true fuel 8 bullets 0 tiles 70 cam 0.000 hp 4 enemies 0 over false water off clear -
tick 200 x 98 y 44 vx 0 vy 0 ground true fuel 8 bullets 0 tiles 70 cam 0.000 hp 4 enemies 0 over false water off clear -
tick 201 x 98 y 40 vx 0 vy -210 ground false fuel 8 bullets 0 tiles 70 cam 0.000 hp 4 enemies 0 over false water off clear -
tick 202 x 98 y 37 vx 0 vy -210 ground false fuel 8 bullets 0 tiles 70 cam 0.000 hp 4 enemies 0 over false water off clear -
tick 203 x 98 y 33 vx 0 vy -210 ground false fuel 8 bullets 0 tiles 70 cam 0.000 hp 4 enemies 0 over false water off clear -
tick 204 x 98 y 30 vx 0 vy -210 ground false fuel 8 bullets 0 tiles 70 cam 0.000 hp 4 enemies 0 over false water off clear -
tick 205 x 98 y 27 vx 0 vy -180 ground false fuel 8 bullets 0 tiles 70 cam 0.000 hp 4 enemies 0 over false water off clear -
tick 206 x 98 y 25 vx 0 vy -150 ground false fuel 8 bullets 0 tiles 70 cam 0.000 hp 4 enemies 0 over false water off clear -
tick 207 x 98 y 23 vx 0 vy -120 ground false fuel 8 bullets 0 tiles 70 cam 0.000 hp 4 enemies 0 over false water off clear -
tick 208 x 98 y 21 vx 0 vy -90 ground false fuel 8 bullets 0 tiles 70 cam 0.000 hp 4 enemies 0 over false water off clear -
tick 209 x 98 y 20 vx 0 vy -60 ground false fuel 8 bullets 0 tiles 70 cam 0.000 hp 4 enemies 0 over false water off clear -
tick 210 x 98 y 20 vx 0 vy -30 ground false fuel 8 bullets 0 tiles 70 cam 0.000 hp 4 enemies 0 over false water off clear -
tick 211 x 98 y 16 vx 0 vy -240 ground false fuel 7 bullets 1 tiles 70 cam 0.000 hp 4 enemies 0 over false water off clear -
tick 212 x 98 y 12 vx 0 vy -210 ground false fuel 7 bullets 1 tiles 70 cam 0.000 hp 4 enemies 0 over false water off clear -
tick 213 x 98 y 9 vx 0 vy -180 ground false fuel 7 bullets 1 tiles 70 cam 0.000 hp 4 enemies 0 over false water off clear -
tick 214 x 98 y 7 vx 0 vy -150 ground false fuel 7 bullets 0 tiles 70 cam 0.000 hp 4 enemies 0 over false water off clear -
tick 215 x 98 y 5 vx 0 vy -120 ground false fuel 7 bullets 0 tiles 70 cam 0.000 hp 4 enemies 0 over false water off clear -
tick 216 x 98 y 3 vx 0 vy -90 ground false fuel 7 bullets 0 tiles 70 cam 0.000 hp 4 enemies 0 over false water off clear -
tick 217 x 98 y -1 vx 0 vy -240 ground false fuel 6 bullets 1 tiles 70 cam 0.000 hp 4 enemies 0 over false water off clear -
tick 218 x 98 y -5 vx 0 vy -210 ground false fuel 6 bullets 1 tiles 70 cam 0.000 hp 4 enemies 0 over false water off clear -
tick 219 x 98 y -7 vx 0 vy -180 ground false fuel 6 bullets 1 tiles 70 cam 0.000 hp 4 enemies 0 over false water off clear -
tick 220 x 98 y -10 vx 0 vy -150 ground false fuel 6 bullets 1 tiles 70 cam 0.000 hp 4 enemies 0 over false water off clear -
tick 221 x 98 y -12 vx 0 vy -120 ground false fuel 6 bullets 1 tiles 70 cam 0.000 hp 4 enemies 0 over false water off clear -
tick 222 x 98 y -14 vx 0 vy -90 ground false fuel 6 bullets 0 tiles 70 cam 0.000 hp 4 enemies 0 over false water off clear -
tick 223 x 98 y -14 vx 0 vy -60 ground false fuel 6 bullets 0 tiles 70 cam 0.000 hp 4 enemies 0 over false water off clear -
tick 224 x 98 y -15 vx 0 vy -30 ground false fuel 6 bullets 0 tiles 70 cam 0.000 hp 4 enemies 0 over false water off clear -
tick 225 x 98 y -15 vx 0 vy 0 ground false fuel 6 bullets 0 tiles 70 cam 0.000 hp 4 enemies 0 over false water off clear -
tick 226 x 98 y -15 vx 0 vy 30 ground false fuel 6 bullets 0 tiles 70 cam 0.000 hp 4 enemies 0 over false water off clear -
tick 227 x 98 y -13 vx 0 vy 60 ground false fuel 6 bullets 0 tiles 70 cam 0.000 hp 4 enemies 0 over false water off clear -
tick 228 x 98 y -12 vx 0 vy 90 ground false fuel 6 bullets 0 tiles 70 cam 0.000 hp 4 enemies 0 over false water off clear -
tick 229 x 98 y -10 vx 0 vy 120 ground false fuel 6 bullets 0 tiles 70 cam 0.000 hp 4 enemies 0 over false water off clear -
tick 230 x 98 y -8 vx 0 vy 150 ground false fuel 6 bullets 0 tiles 70 cam 0.000 hp 4 enemies 0 over false water off clear -
tick 231 x 98 y -4 vx 0 vy 180 ground false fuel 6 bullets 0 tiles 70 cam 0.000 hp 4 enemies 0 over false water off clear -
tick 232 x 98 y -1 vx 0 vy 210 ground false fuel 6 bullets 0 tiles 70 cam 0.000 hp 4 enemies 0 over false water off clear -
tick 233 x 98 y 3 vx 0 vy 240 ground false fuel 6 bullets 0 tiles 70 cam 0.000 hp 4 enemies 0 over false water off clear -
tick 234 x 98 y 7 vx 0 vy 270 ground false fuel 6 bullets 0 tiles 70 cam 0.000 hp 4 enemies 0 over false water off clear -
tick 235 x 98 y 13 vx 0 vy 300 ground false fuel 6 bullets 0 tiles 70 cam 0.000 hp 4 enemies 0 over false water off clear -
tick 236 x 98 y 18 vx 0 vy 320 ground false fuel 6 bullets 0 tiles 70 cam 0.000 hp 4 enemies 0 over false water off clear -
tick 237 x 98 y 23 vx 0 vy 320 ground false fuel 6 bullets 0 tiles 70 cam 0.000 hp 4 enemies 0 over false water off clear -
tick 238 x 98 y 28 vx 0 vy 320 ground false fuel 6 bullets 0 tiles 70 cam 0.000 hp 4 enemies 0 over false water off clear -
tick 239 x 98 y 34 vx 0 vy 320 ground false fuel 6 bullets 0 tiles 70 cam 0.000 hp 4 enemies 0 over false water off clear -
tick 240 x 98 y 39 vx 0 vy 320 ground false fuel 6 bullets 0 tiles 70 cam 0.000 hp 4 enemies 0 over false water off clear -
tick 241 x 98 y 44 vx 0 vy 320 ground true fuel 8 bullets 0 tiles 70 cam 0.000 hp 4 enemies 0 over false water off clear -
tick 242 x 98 y 44 vx 0 vy 0 ground true fuel 8 bullets 0 tiles 70 cam 0.000 hp 4 enemies 0 over false water off clear -
tick 243 x 98 y 44 vx 0 vy 0 ground true fuel 8 bullets 0 tiles 70 cam 0.000 hp 4 enemies 0 over false water off clear -
tick 244 x 98 y 44 vx 0 vy 0 ground true fuel 8 bullets 0 tiles 70 cam 0.000 hp 4 enemies 0 over false water off clear -
tick 245 x 98 y 44 vx 0 vy 0 ground true fuel 8 bullets 0 tiles 70 cam 0.000 hp 4 enemies 0 over false water off clear -
tick 246 x 98 y 44 vx 0 vy 0 ground true fuel 8 bullets 0 tiles 70 cam 0.000 hp 4 enemies 0 over false water off clear -
tick 247 x 98 y 44 vx 0 vy 0 ground true fuel 8 bullets 0 tiles 70 cam 0.000 hp 4 enemies 0 over false water off clear -
tick 248 x 98 y 44 vx 0 vy 0 ground true fuel 8 bullets 0 tiles 70 cam 0.000 hp 4 enemies 0 over false water off clear -
tick 249 x 98 y 44 vx 0 vy 0 ground true fuel 8 bullets 0 tiles 70 cam 0.000 hp 4 enemies 0 over false water off clear -
tick 250 x 98 y 44 vx 0 vy 0 ground true fuel 8 bullets 0 tiles 70 cam 0.000 hp 4 enemies 0 over false water off clear -
tick 251 x 98 y 44 vx 0 vy 0 ground true fuel 8 bullets 0 tiles 70 cam 0.000 hp 4 enemies 0 over false water off clear -
tick 252 x 98 y 44 vx 0 vy 0 ground true fuel 8 bullets 0 tiles 70 cam 0.000 hp 4 enemies 0 over false water off clear -
tick 253 x 98 y 44 vx 0 vy 0 ground true fuel 8 bullets 0 tiles 70 cam 0.000 hp 4 enemies 0 over false water off clear -
tick 254 x 98 y 44 vx 0 vy 0 ground true fuel 8 bullets 0 tiles 70 cam 0.000 hp 4 enemies 0 over false water off clear -
tick 255 x 98 y 44 vx 0 vy 0 ground true fuel 8 bullets 0 tiles 70 cam 0.000 hp 4 enemies 0 over false water off clear -
tick 256 x 98 y 44 vx 0 vy 0 ground true fuel 8 bullets 0 tiles 70 cam 0.000 hp 4 enemies 0 over false water off clear -
tick 257 x 98 y 44 vx 0 vy 0 ground true fuel 8 bullets 0 tiles 70 cam 0.000 hp 4 enemies 0 over false water off clear -
tick 258 x 98 y 44 vx 0 vy 0 ground true fuel 8 bullets 0 tiles 70 cam 0.000 hp 4 enemies 0 over false water off clear -
tick 259 x 98 y 44 vx 0 vy 0 ground true fuel 8 bullets 0 tiles 70 cam 0.000 hp 4 enemies 0 over false water off clear -
tick 260 x 98 y 44 vx 0 vy 0 ground true fuel 8 bullets 0 tiles 70 cam 0.000 hp 4 enemies 0 over false water off clear -
tick 261 x 98 y 44 vx 0 vy 0 ground true fuel 8 bullets 0 tiles 70 cam 0.000 hp 4 enemies 0 over false water off clear -
tick 262 x 98 y 44 vx 0 vy 0 ground true fuel 8 bullets 0 tiles 70 cam 0.000 hp 4 enemies 0 over false water off clear -
tick 263 x 98 y 44 vx 0 vy 0 ground true fuel 8 bullets 0 tiles 70 cam 0.000 hp 4 enemies 0 over false water off clear -
tick 264 x 98 y 44 vx 0 vy 0 ground true fuel 8 bullets 0 tiles 70 cam 0.000 hp 4 enemies 0 over false water off clear -
tick 265 x 98 y 44 vx 0 vy 0 ground true fuel 8 bullets 0 tiles 70 cam 0.000 hp 4 enemies 0 over false water off clear -
tick 266 x 98 y 44 vx 0 vy 0 ground true fuel 8 bullets 0 tiles 70 cam 0.000 hp 4 enemies 0 over false water off clear -
tick 267 x 98 y 44 vx 0 vy 0 ground true fuel 8 bullets 0 tiles 70 cam 0.000 hp 4 enemies 0 over false water off clear -
tick 268 x 98 y 44 vx 0 vy 0 ground true fuel 8 bullets 0 tiles 70 cam 0.000 hp 4 enemies 0 over false water off clear -
tick 269 x 98 y 44 vx 0 vy 0 ground true fuel 8 bullets 0 tiles 70 cam 0.000 hp 4 enemies 0 over false water off clear -
tick 270 x 98 y 44 vx 0 vy 0 ground true fuel 8 bullets 0 tiles 70 cam 0.000 hp 4 enemies 0 over false water off clear -
tick 271 x 98 y 44 vx 0 vy 0 ground true fuel 8 bullets 0 tiles 70 cam 0.000 hp 4 enemies 0 over false water off clear -
tick 272 x 98 y 44 vx 0 vy 0 ground true fuel 8 bullets 0 tiles 70 cam 0.000 hp 4 enemies 0 over false water off clear -
tick 273 x 98 y 44 vx 0 vy 0 ground true fuel 8 bullets 0 tiles 70 cam 0.000 hp 4 enemies 0 over false water off clear -
tick 274 x 98 y 44 vx 0 vy 0 ground true fuel 8 bullets 0 tiles 70 cam 0.000 hp 4 enemies 0 over false water off clear -
tick 275 x 98 y 44 vx 0 vy 0 ground true fuel 8 bullets 0 tiles 70 cam 0.000 hp 4 enemies 0 over false water off clear -
tick 276 x 98 y 44 vx 0 vy 0 ground true fuel 8 bullets 0 tiles 70 cam 0.000 hp 4 enemies 0 over false water off clear -
tick 277 x 98 y 44 vx 0 vy 0 ground true fuel 8 bullets 0 tiles 70 cam 0.000 hp 4 enemies 0 over false water off clear -
tick 278 x 98 y 44 vx 0 vy 0 ground true fuel 8 bullets 0 tiles 70 cam 0.000 hp 4 enemies 0 over false water off clear -
tick 279 x 98 y 44 vx 0 vy 0 ground true fuel 8 bullets 0 tiles 70 cam 0.000 hp 4 enemies 0 over false water off clear -
tick 280 x 98 y 44 vx 0 vy 0 ground true fuel 8 bullets 0 tiles 70 cam 0.000 hp 4 enemies 0 over false water off clear -
tick 281 x 98 y 44 vx 0 vy 0 ground true fuel 8 bullets 0 tiles 70 cam 0.000 hp 4 enemies 0 over false water off clear -
tick 282 x 98 y 44 vx 0 vy 0 ground true fuel 8 bullets 0 tiles 70 cam 0.000 hp 4 enemies 0 over false water off clear -
tick 283 x 98 y 44 vx 0 vy 0 ground true fuel 8 bullets 0 tiles 70 cam 0.000 hp 4 enemies 0 over false water off clear -
tick 284 x 98 y 44 vx 0 vy 0 ground true fuel 8 bullets 0 tiles 70 cam 0.000 hp 4 enemies 0 over false water off clear -
tick 285 x 98 y 44 vx 0 vy 0 ground true fuel 8 bullets 0 tiles 70 cam 0.000 hp 4 enemies 0 over false water off clear -
tick 286 x 98 y 44 vx 0 vy 0 ground true fuel 8 bullets 0 tiles 70 cam 0.000 hp 4 enemies 0 over false water off clear -
tick 287 x 98 y 44 vx 0 vy 0 ground true fuel 8 bullets 0 tiles 70 cam 0.000 hp 4 enemies 0 over false water off clear -
tick 288 x 98 y 44 vx 0 vy 0 ground true fuel 8 bullets 0 tiles 70 cam 0.000 hp 4 enemies 0 over false water off clear -
tick 289 x 98 y 44 vx 0 vy 0 ground true fuel 8 bullets 0 tiles 70 cam 0.000 hp 4 enemies 0 over false water off clear -
tick 290 x 98 y 44 vx 0 vy 0 ground true fuel 8 bullets 0 tiles 70 cam 0.000 hp 4 enemies 0 over false water off clear -
tick 291 x 98 y 44 vx 0 vy 0 ground true fuel 8 bullets 0 tiles 70 cam 0.000 hp 4 enemies 0 over false water off clear -
tick 292 x 98 y 44 vx 0 vy 0 ground true fuel 8 bullets 0 tiles 70 cam 0.000 hp 4 enemies 0 over false water off clear -
tick 293 x 98 y 44 vx 0 vy 0 ground true fuel 8 bullets 0 tiles 70 cam 0.000 hp 4 enemies 0 over false water off clear -
tick 294 x 98 y 44 vx 0 vy 0 ground true fuel 8 bullets 0 tiles 70 cam 0.000 hp 4 enemies 0 over false water off clear -
tick 295 x 98 y 44 vx 0 vy 0 ground true fuel 8 bullets 0 tiles 70 cam 0.000 hp 4 enemies 0 over false water off clear -
tick 296 x 98 y 44 vx 0 vy 0 ground true fuel 8 bullets 0 tiles 70 cam 0.000 hp 4 enemies 0 over false water off clear -
tick 297 x 98 y 44 vx 0 vy 0 ground true fuel 8 bullets 0 tiles 70 cam 0.000 hp 4 enemies 0 over false water off clear -
tick 298 x 98 y 44 vx 0 vy 0 ground true fuel 8 bullets 0 tiles 70 cam 0.000 hp 4 enemies 0 over false water off clear -
tick 299 x 98 y 44 vx 0 vy 0 ground true fuel 8 bullets 0 tiles 70 cam 0.000 hp 4 enemies 0 over false water off clear -
tick 300 x 98 y 44 vx 0 vy 0 ground true fuel 8 bullets 0 tiles 70 cam 0.000 hp 4 enemies 0 over false water off clear -
